Archive member included to satisfy reference by file (symbol)

/home/echonet-capstone/.platformio/packages/framework-arduinocubecell/cores/asr650x/projects/CubeCellLib.a(ASR_Arduino.o)
                              .pio/build/dev-master/src/acoburd_main.cpp.o (delay)
/home/echonet-capstone/.platformio/packages/framework-arduinocubecell/cores/asr650x/projects/CubeCellLib.a(UART_1.o)
                              /home/echonet-capstone/.platformio/packages/framework-arduinocubecell/cores/asr650x/projects/CubeCellLib.a(ASR_Arduino.o) (UART_1_initVar)
/home/echonet-capstone/.platformio/packages/framework-arduinocubecell/cores/asr650x/projects/CubeCellLib.a(cyfitter_cfg.o)
                              /home/echonet-capstone/.platformio/packages/framework-arduinocubecell/cores/asr650x/projects/CubeCellLib.a(ASR_Arduino.o) (systime)
.pio/build/dev-master/libf41/libLoRa.a(LoRaWan_APP.cpp.o)
                              .pio/build/dev-master/src/acoburd_main.cpp.o (LoRaWanClass::sleep())
.pio/build/dev-master/libbc0/libBurdLib.a(activity_period.cpp.o)
                              .pio/build/dev-master/src/acoburd_main.cpp.o (activitity_init())
.pio/build/dev-master/libbc0/libBurdLib.a(burd_EEPROM.cpp.o)
                              .pio/build/dev-master/src/acoburd_main.cpp.o (EEPROM_getDeviceIdNetworkIdSet())
.pio/build/dev-master/libbc0/libBurdLib.a(display.cpp.o)
                              .pio/build/dev-master/src/acoburd_main.cpp.o (display_init())
.pio/build/dev-master/libbc0/libBurdLib.a(motor.cpp.o)
                              .pio/build/dev-master/src/acoburd_main.cpp.o (motor_init())
.pio/build/dev-master/libbc0/libBurdLib.a(my_clock.cpp.o)
                              .pio/build/dev-master/libbc0/libBurdLib.a(motor.cpp.o) (InternalClock())
.pio/build/dev-master/libbc0/libBurdLib.a(nest_serial.cpp.o)
                              .pio/build/dev-master/src/acoburd_main.cpp.o (nestSerial_init())
.pio/build/dev-master/libbc0/libBurdLib.a(nmv3_service.cpp.o)
                              .pio/build/dev-master/src/acoburd_main.cpp.o (nmv3_init())
.pio/build/dev-master/libbc0/libBurdLib.a(services.cpp.o)
                              .pio/build/dev-master/src/acoburd_main.cpp.o (ServiceRegistry::instance())
.pio/build/dev-master/libbc0/libBurdLib.a(utils.cpp.o)
                              .pio/build/dev-master/libbc0/libBurdLib.a(nest_serial.cpp.o) (printBufferContents(unsigned char*, unsigned char))
.pio/build/dev-master/libbc0/libBurdLib.a(buffer.cpp.o)
                              .pio/build/dev-master/libbc0/libBurdLib.a(services.cpp.o) (bufferService())
.pio/build/dev-master/libbc0/libBurdLib.a(device_actions.cpp.o)
                              .pio/build/dev-master/libbc0/libBurdLib.a(nest_serial.cpp.o) (act_upon())
.pio/build/dev-master/libbc0/libBurdLib.a(neighbor.cpp.o)
                              .pio/build/dev-master/libbc0/libBurdLib.a(services.cpp.o) (neighborService())
.pio/build/dev-master/libFrameworkArduino.a(HardwareSerial.cpp.o)
                              .pio/build/dev-master/libbc0/libBurdLib.a(nest_serial.cpp.o) (HardwareSerial::available())
.pio/build/dev-master/libFrameworkArduino.a(Wire.cpp.o)
                              .pio/build/dev-master/libf41/libLoRa.a(LoRaWan_APP.cpp.o) (TwoWire::write(unsigned char))
.pio/build/dev-master/libFrameworkArduino.a(basic.cpp.o)
                              .pio/build/dev-master/libf41/libLoRa.a(LoRaWan_APP.cpp.o) (BoardGetBatteryLevel())
.pio/build/dev-master/libFrameworkArduino.a(ADC_SAR_Seq.c.o)
                              /home/echonet-capstone/.platformio/packages/framework-arduinocubecell/cores/asr650x/projects/CubeCellLib.a(ASR_Arduino.o) (ADC_SAR_Seq_Start)
.pio/build/dev-master/libFrameworkArduino.a(ADC_SAR_Seq_INT.c.o)
                              .pio/build/dev-master/libFrameworkArduino.a(ADC_SAR_Seq.c.o) (ADC_SAR_Seq_ISR)
.pio/build/dev-master/libFrameworkArduino.a(I2C_1_I2C_MASTER.c.o)
                              .pio/build/dev-master/libFrameworkArduino.a(Wire.cpp.o) (I2C_1_I2CMasterSendStart)
.pio/build/dev-master/libFrameworkArduino.a(I2C_I2C_MASTER.c.o)
                              .pio/build/dev-master/libFrameworkArduino.a(Wire.cpp.o) (I2C_I2CMasterSendStart)
.pio/build/dev-master/libFrameworkArduino.a(PWM1.c.o)
                              /home/echonet-capstone/.platformio/packages/framework-arduinocubecell/cores/asr650x/projects/CubeCellLib.a(ASR_Arduino.o) (PWM1_Stop)
.pio/build/dev-master/libFrameworkArduino.a(PWM2.c.o)
                              /home/echonet-capstone/.platformio/packages/framework-arduinocubecell/cores/asr650x/projects/CubeCellLib.a(ASR_Arduino.o) (PWM2_Stop)
.pio/build/dev-master/libFrameworkArduino.a(Print.cpp.o)
                              .pio/build/dev-master/libf41/libLoRa.a(LoRaWan_APP.cpp.o) (Print::write(unsigned char const*, unsigned int))
.pio/build/dev-master/libFrameworkArduino.a(Stream.cpp.o)
[...]
Memory Configuration

Name             Origin             Length             Attributes
rom              0x0000000000000000 0x0000000000020000 xr
ram              0x0000000020000000 0x0000000000004000 xrw
*default*        0x0000000000000000 0xffffffffffffffff

Linker script and memory map

LOAD /home/echonet-capstone/.platformio/packages/toolchain-gccarmnoneeabi/bin/../lib/gcc/arm-none-eabi/9.2.1/thumb/v6-m/nofp/crti.o
LOAD /home/echonet-capstone/.platformio/packages/toolchain-gccarmnoneeabi/bin/../lib/gcc/arm-none-eabi/9.2.1/thumb/v6-m/nofp/crtbegin.o
LOAD /home/echonet-capstone/.platformio/packages/toolchain-gccarmnoneeabi/bin/../lib/gcc/arm-none-eabi/9.2.1/../../../../arm-none-eabi/lib/thumb/v6-m/nofp/crt0.o
LOAD .pio/build/dev-master/src/acoburd_main.cpp.o
START GROUP
LOAD /home/echonet-capstone/.platformio/packages/framework-arduinocubecell/cores/asr650x/projects/CubeCellLib.a
LOAD .pio/build/dev-master/libe11/libLoraWan102.a
LOAD .pio/build/dev-master/libfad/libRGB.a
LOAD .pio/build/dev-master/lib202/libDISPLAY.a
LOAD .pio/build/dev-master/libf41/libLoRa.a
LOAD .pio/build/dev-master/lib814/libNmv3.a
LOAD .pio/build/dev-master/libcae/libFloc.a
LOAD .pio/build/dev-master/libfa8/libEEPROM.a
LOAD .pio/build/dev-master/libbc0/libBurdLib.a
LOAD .pio/build/dev-master/libFrameworkArduinoVariant.a
LOAD .pio/build/dev-master/libFrameworkArduino.a
LOAD /home/echonet-capstone/.platformio/packages/toolchain-gccarmnoneeabi/bin/../lib/gcc/arm-none-eabi/9.2.1/../../../../arm-none-eabi/lib/thumb/v6-m/nofp/libstdc++_nano.a
END GROUP
LOAD /home/echonet-capstone/.platformio/packages/toolchain-gccarmnoneeabi/bin/../lib/gcc/arm-none-eabi/9.2.1/../../../../arm-none-eabi/lib/thumb/v6-m/nofp/libstdc++_nano.a
LOAD /home/echonet-capstone/.platformio/packages/toolchain-gccarmnoneeabi/bin/../lib/gcc/arm-none-eabi/9.2.1/../../../../arm-none-eabi/lib/thumb/v6-m/nofp/libm.a
START GROUP
LOAD /home/echonet-capstone/.platformio/packages/toolchain-gccarmnoneeabi/bin/../lib/gcc/arm-none-eabi/9.2.1/thumb/v6-m/nofp/libgcc.a
LOAD /home/echonet-capstone/.platformio/packages/toolchain-gccarmnoneeabi/bin/../lib/gcc/arm-none-eabi/9.2.1/../../../../arm-none-eabi/lib/thumb/v6-m/nofp/libc_nano.a
END GROUP
START GROUP
LOAD /home/echonet-capstone/.platformio/packages/toolchain-gccarmnoneeabi/bin/../lib/gcc/arm-none-eabi/9.2.1/thumb/v6-m/nofp/libgcc.a
LOAD /home/echonet-capstone/.platformio/packages/toolchain-gccarmnoneeabi/bin/../lib/gcc/arm-none-eabi/9.2.1/../../../../arm-none-eabi/lib/thumb/v6-m/nofp/libc_nano.a
LOAD /home/echonet-capstone/.platformio/packages/toolchain-gccarmnoneeabi/bin/../lib/gcc/arm-none-eabi/9.2.1/../../../../arm-none-eabi/lib/thumb/v6-m/nofp/libnosys.a
END GROUP
START GROUP
LOAD /home/echonet-capstone/.platformio/packages/toolchain-gccarmnoneeabi/bin/../lib/gcc/arm-none-eabi/9.2.1/thumb/v6-m/nofp/libgcc.a
LOAD /home/echonet-capstone/.platformio/packages/toolchain-gccarmnoneeabi/bin/../lib/gcc/arm-none-eabi/9.2.1/../../../../arm-none-eabi/lib/thumb/v6-m/nofp/libc_nano.a
LOAD /home/echonet-capstone/.platformio/packages/toolchain-gccarmnoneeabi/bin/../lib/gcc/arm-none-eabi/9.2.1/../../../../arm-none-eabi/lib/thumb/v6-m/nofp/libnosys.a
END GROUP
LOAD /home/echonet-capstone/.platformio/packages/toolchain-gccarmnoneeabi/bin/../lib/gcc/arm-none-eabi/9.2.1/thumb/v6-m/nofp/crtend.o
LOAD /home/echonet-capstone/.platformio/packages/toolchain-gccarmnoneeabi/bin/../lib/gcc/arm-none-eabi/9.2.1/thumb/v6-m/nofp/crtn.o
START GROUP
LOAD /home/echonet-capstone/.platformio/packages/toolchain-gccarmnoneeabi/bin/../lib/gcc/arm-none-eabi/9.2.1/thumb/v6-m/nofp/libgcc.a
LOAD /home/echonet-capstone/.platformio/packages/toolchain-gccarmnoneeabi/bin/../lib/gcc/arm-none-eabi/9.2.1/../../../../arm-none-eabi/lib/thumb/v6-m/nofp/libc.a
LOAD /home/echonet-capstone/.platformio/packages/toolchain-gccarmnoneeabi/bin/../lib/gcc/arm-none-eabi/9.2.1/../../../../arm-none-eabi/lib/thumb/v6-m/nofp/libnosys.a
END GROUP
                0x0000000000000000                CY_APPL_ORIGIN = 0x0
                0x0000000000000100                CY_FLASH_ROW_SIZE = 0x100
                0x0000000000000001                CY_APPL_NUM = 0x1
                0x0000000000000001                CY_APPL_MAX = 0x1
                0x0000000000000040                CY_METADATA_SIZE = 0x40
                0x0000000000000001                CY_APPL_LOADABLE = 0x1
                0x0000000000000000                CY_CHECKSUM_EXCLUDE_SIZE = ALIGN (0x0, CY_FLASH_ROW_SIZE)
                0x0000000000000000                CY_APP_FOR_STACK_AND_COPIER = 0x0
                [!provide]                        PROVIDE (__cy_heap_start = _end)
                0x0000000000000001                PROVIDE (__cy_region_num = ((__cy_regions_end - __cy_regions) / 0x10))
                0x0000000020004000                PROVIDE (__cy_stack = (ORIGIN (ram) + LENGTH (ram)))
                [!provide]                        PROVIDE (__cy_heap_end = (__cy_stack - 0x800))

.cybootloader   0x0000000000000000     0x2200
 *(.cybootloader)
 .cybootloader  0x0000000000000000     0x2200 .pio/build/dev-master/libFrameworkArduino.a(cybootloader.c.o)
                0x0000000000000000                cy_bootloader
                0x0000000000002200                appl1_start = CY_APPL_ORIGIN?CY_APPL_ORIGIN:ALIGN (CY_FLASH_ROW_SIZE)
                0x0000000000011000                appl2_start = (appl1_start + ALIGN ((((LENGTH (rom) - appl1_start) - (0x2 * CY_FLASH_ROW_SIZE)) / 0x2), CY_FLASH_ROW_SIZE))
                0x0000000000002200                appl_start = (CY_APPL_NUM == 0x1)?appl1_start:appl2_start
                0x0000000000000000                cy_project_type_bootloader = (appl_start == 0x0)?0x1:0x0
                0x0000000000000000                cy_project_type_app_for_stack_and_copier = (CY_APP_FOR_STACK_AND_COPIER == 0x1)?0x1:0x0

.text           0x0000000000002200     0xa344
 CREATE_OBJECT_SYMBOLS
                0x0000000000002200                PROVIDE (__cy_interrupt_vector = RomVectors)
 *(.romvectors)
 .romvectors    0x0000000000002200       0x10 .pio/build/dev-master/libFrameworkArduino.a(Cm0plusStart.c.o)
                0x0000000000002200                RomVectors
                0x0000000000000001                ASSERT ((. != __cy_interrupt_vector), No interrupt vector)
                0x0000000000000001                ASSERT (CY_APPL_ORIGIN?(SIZEOF (.cybootloader) <= CY_APPL_ORIGIN):0x1, Wrong image location)
                0x0000000000002210                PROVIDE (__cy_reset = Reset)
 *(.text.Reset)
 .text.Reset    0x0000000000002210       0x18 .pio/build/dev-master/libFrameworkArduino.a(Cm0plusStart.c.o)
                0x0000000000002210                Reset
                0x0000000000000001                ASSERT ((. != __cy_reset), No reset code)
 *(.psocinit)
 .psocinit      0x0000000000002228      0x1b8 /home/echonet-capstone/.platformio/packages/framework-arduinocubecell/cores/asr650x/projects/CubeCellLib.a(cyfitter_cfg.o)
                0x0000000000002228                cyfitter_cfg
                0x00000000000023e0                . = MAX (., 0x100)
 *(.text .text.* .gnu.linkonce.t.*)
 .text.__do_global_dtors_aux
                0x00000000000023e0       0x28 /home/echonet-capstone/.platformio/packages/toolchain-gccarmnoneeabi/bin/../lib/gcc/arm-none-eabi/9.2.1/thumb/v6-m/nofp/crtbegin.o
 .text.frame_dummy
                0x0000000000002408       0x20 /home/echonet-capstone/.platformio/packages/toolchain-gccarmnoneeabi/bin/../lib/gcc/arm-none-eabi/9.2.1/thumb/v6-m/nofp/crtbegin.o
 .text._Z5setupv
                0x0000000000002428       0x6c .pio/build/dev-master/src/acoburd_main.cpp.o
                0x0000000000002428                setup()
 .text._Z4loopv
                0x0000000000002494       0x68 .pio/build/dev-master/src/acoburd_main.cpp.o
                0x0000000000002494                loop()
 .text.__pinMode
                0x00000000000024fc       0x74 /home/echonet-capstone/.platformio/packages/framework-arduinocubecell/cores/asr650x/projects/CubeCellLib.a(ASR_Arduino.o)
 .text.globalGpioIsrEntry
                0x0000000000002570       0x90 /home/echonet-capstone/.platformio/packages/framework-arduinocubecell/cores/asr650x/projects/CubeCellLib.a(ASR_Arduino.o)
                0x0000000000002570                globalGpioIsrEntry
 .text.getID    0x0000000000002600       0x18 /home/echonet-capstone/.platformio/packages/framework-arduinocubecell/cores/asr650x/projects/CubeCellLib.a(ASR_Arduino.o)
                0x0000000000002600                getID
 .text.license_check
                0x0000000000002618      0x268 /home/echonet-capstone/.platformio/packages/framework-arduinocubecell/cores/asr650x/projects/CubeCellLib.a(ASR_Arduino.o)
                0x0000000000002618                license_check
 .text.pinMode  0x0000000000002880       0x1a /home/echonet-capstone/.platformio/packages/framework-arduinocubecell/cores/asr650x/projects/CubeCellLib.a(ASR_Arduino.o)
                0x0000000000002880                pinMode
 *fill*         0x000000000000289a        0x2 
 .text.digitalWrite
                0x000000000000289c       0x68 /home/echonet-capstone/.platformio/packages/framework-arduinocubecell/cores/asr650x/projects/CubeCellLib.a(ASR_Arduino.o)
                0x000000000000289c                digitalWrite
 .text.digitalRead
                0x0000000000002904       0x20 /home/echonet-capstone/.platformio/packages/framework-arduinocubecell/cores/asr650x/projects/CubeCellLib.a(ASR_Arduino.o)
                0x0000000000002904                digitalRead
 .text.ClearPinInterrupt
                0x0000000000002924       0x1c /home/echonet-capstone/.platformio/packages/framework-arduinocubecell/cores/asr650x/projects/CubeCellLib.a(ASR_Arduino.o)
                0x0000000000002924                ClearPinInterrupt
 .text.attachInterrupt
                0x0000000000002940       0x80 /home/echonet-capstone/.platformio/packages/framework-arduinocubecell/cores/asr650x/projects/CubeCellLib.a(ASR_Arduino.o)
                0x0000000000002940                attachInterrupt
 .text.detachInterrupt
                0x00000000000029c0       0x78 /home/echonet-capstone/.platformio/packages/framework-arduinocubecell/cores/asr650x/projects/CubeCellLib.a(ASR_Arduino.o)
                0x00000000000029c0                detachInterrupt
 .text.delay    0x0000000000002a38        0x8 /home/echonet-capstone/.platformio/packages/framework-arduinocubecell/cores/asr650x/projects/CubeCellLib.a(ASR_Arduino.o)
                0x0000000000002a38                delay
 .text.millis   0x0000000000002a40        0x8 /home/echonet-capstone/.platformio/packages/framework-arduinocubecell/cores/asr650x/projects/CubeCellLib.a(ASR_Arduino.o)
                0x0000000000002a40                millis
 .text.UART_1_Enable
                0x0000000000002a48       0x20 /home/echonet-capstone/.platformio/packages/framework-arduinocubecell/cores/asr650x/projects/CubeCellLib.a(UART_1.o)
                0x0000000000002a48                UART_1_Enable
 .text.UART_1_Start
                0x0000000000002a68       0x54 /home/echonet-capstone/.platformio/packages/framework-arduinocubecell/cores/asr650x/projects/CubeCellLib.a(UART_1.o)
                0x0000000000002a68                UART_1_Start
 .text.systemTimer
                0x0000000000002abc       0x10 /home/echonet-capstone/.platformio/packages/framework-arduinocubecell/cores/asr650x/projects/CubeCellLib.a(cyfitter_cfg.o)
                0x0000000000002abc                systemTimer
 .text.SetAnalogRoutingPumps
                0x0000000000002acc       0x1c /home/echonet-capstone/.platformio/packages/framework-arduinocubecell/cores/asr650x/projects/CubeCellLib.a(cyfitter_cfg.o)
                0x0000000000002acc                SetAnalogRoutingPumps
 .text._ZN13ScreenDisplay12mirrorScreenEv
                0x0000000000002ae8        0x2 .pio/build/dev-master/libf41/libLoRa.a(LoRaWan_APP.cpp.o)
                0x0000000000002ae8                ScreenDisplay::mirrorScreen()
 .text._ZN11SSD1306Wire15getBufferOffsetEv
                0x0000000000002aea        0x4 .pio/build/dev-master/libf41/libLoRa.a(LoRaWan_APP.cpp.o)
                0x0000000000002aea                SSD1306Wire::getBufferOffset()
 *fill*         0x0000000000002aee        0x2 
 .text._ZN11SSD1306Wire11sendCommandEh
                0x0000000000002af0       0x44 .pio/build/dev-master/libf41/libLoRa.a(LoRaWan_APP.cpp.o)
                0x0000000000002af0                SSD1306Wire::sendCommand(unsigned char)
 .text._ZN11SSD1306Wire16sendInitCommandsEv
                0x0000000000002b34      0x134 .pio/build/dev-master/libf41/libLoRa.a(LoRaWan_APP.cpp.o)
                0x0000000000002b34                SSD1306Wire::sendInitCommands()
 .text._ZN11SSD1306Wire7connectEv
                0x0000000000002c68       0x14 .pio/build/dev-master/libf41/libLoRa.a(LoRaWan_APP.cpp.o)
                0x0000000000002c68                SSD1306Wire::connect()
 .text._ZN11SSD1306WireD2Ev
                0x0000000000002c7c       0x14 .pio/build/dev-master/libf41/libLoRa.a(LoRaWan_APP.cpp.o)
                0x0000000000002c7c                SSD1306Wire::~SSD1306Wire()
                0x0000000000002c7c                SSD1306Wire::~SSD1306Wire()
 .text._ZN11SSD1306WireD0Ev
                0x0000000000002c90       0x14 .pio/build/dev-master/libf41/libLoRa.a(LoRaWan_APP.cpp.o)
                0x0000000000002c90                SSD1306Wire::~SSD1306Wire()
 .text._ZN11SSD1306Wire23sendScreenRotateCommandEv
                0x0000000000002ca4       0x3e .pio/build/dev-master/libf41/libLoRa.a(LoRaWan_APP.cpp.o)
                0x0000000000002ca4                SSD1306Wire::sendScreenRotateCommand()
 .text._ZN12LoRaWanClass5sleepEv
                0x0000000000002ce2        0x8 .pio/build/dev-master/libf41/libLoRa.a(LoRaWan_APP.cpp.o)
                0x0000000000002ce2                LoRaWanClass::sleep()
 *fill*         0x0000000000002cea        0x2 
 .text.startup._GLOBAL__sub_I_pixels
                0x0000000000002cec       0x80 .pio/build/dev-master/libf41/libLoRa.a(LoRaWan_APP.cpp.o)
 .text._ZN11SSD1306Wire7displayEv
                0x0000000000002d6c      0x308 .pio/build/dev-master/libf41/libLoRa.a(LoRaWan_APP.cpp.o)
                0x0000000000002d6c                SSD1306Wire::display()
 .text._Z15activitity_initv
                0x0000000000003074       0x2c .pio/build/dev-master/libbc0/libBurdLib.a(activity_period.cpp.o)
                0x0000000000003074                activitity_init()
 .text._Z15activityServicev
                0x00000000000030a0       0x44 .pio/build/dev-master/libbc0/libBurdLib.a(activity_period.cpp.o)
                0x00000000000030a0                activityService()
 .text._Z23is_activity_period_openv
                0x00000000000030e4       0x14 .pio/build/dev-master/libbc0/libBurdLib.a(activity_period.cpp.o)
                0x00000000000030e4                is_activity_period_open()
 .text._Z30EEPROM_getDeviceIdNetworkIdSetv
                0x00000000000030f8       0x14 .pio/build/dev-master/libbc0/libBurdLib.a(burd_EEPROM.cpp.o)
                0x00000000000030f8                EEPROM_getDeviceIdNetworkIdSet()
 .text._Z18EEPROM_getDeviceIDv
                0x000000000000310c       0x24 .pio/build/dev-master/libbc0/libBurdLib.a(burd_EEPROM.cpp.o)
                0x000000000000310c                EEPROM_getDeviceID()
 .text._Z19EEPROM_getNetworkIDv
                0x0000000000003130       0x24 .pio/build/dev-master/libbc0/libBurdLib.a(burd_EEPROM.cpp.o)
                0x0000000000003130                EEPROM_getNetworkID()
 .text._ZN11EEPROMClass3putIhEERKT_iS3_
                0x0000000000003154       0x28 .pio/build/dev-master/libbc0/libBurdLib.a(burd_EEPROM.cpp.o)
                0x0000000000003154                unsigned char const& EEPROMClass::put<unsigned char>(int, unsigned char const&)
 .text._ZN11EEPROMClass3putItEERKT_iS3_
                0x000000000000317c       0x36 .pio/build/dev-master/libbc0/libBurdLib.a(burd_EEPROM.cpp.o)
                0x000000000000317c                unsigned short const& EEPROMClass::put<unsigned short>(int, unsigned short const&)
 *fill*         0x00000000000031b2        0x2 
 .text._Z29EEPROM_clearDeviceIdNetworkIdv
                0x00000000000031b4       0x38 .pio/build/dev-master/libbc0/libBurdLib.a(burd_EEPROM.cpp.o)
                0x00000000000031b4                EEPROM_clearDeviceIdNetworkId()
 .text._Z16EEPROM_firstTimev
                0x00000000000031ec       0x2c .pio/build/dev-master/libbc0/libBurdLib.a(burd_EEPROM.cpp.o)
                0x00000000000031ec                EEPROM_firstTime()
 .text._Z27EEPROM_setDeviceIdNetworkIdtt
                0x0000000000003218       0x3c .pio/build/dev-master/libbc0/libBurdLib.a(burd_EEPROM.cpp.o)
                0x0000000000003218                EEPROM_setDeviceIdNetworkId(unsigned short, unsigned short)
 .text._Z6VextONv
                0x0000000000003254       0x14 .pio/build/dev-master/libbc0/libBurdLib.a(display.cpp.o)
                0x0000000000003254                VextON()
 .text._Z14displayServicev
                0x0000000000003268       0x24 .pio/build/dev-master/libbc0/libBurdLib.a(display.cpp.o)
                0x0000000000003268                displayService()
 .text.startup._GLOBAL__sub_I_oled
                0x000000000000328c       0x60 .pio/build/dev-master/libbc0/libBurdLib.a(display.cpp.o)
 .text._Z12display_initv
                0x00000000000032ec       0x64 .pio/build/dev-master/libbc0/libBurdLib.a(display.cpp.o)
                0x00000000000032ec                display_init()
 .text._ZL10wrappedPosv
                0x0000000000003350       0x20 .pio/build/dev-master/libbc0/libBurdLib.a(motor.cpp.o)
 .text._Z26motor_quadrature_interruptv
                0x0000000000003370       0x20 .pio/build/dev-master/libbc0/libBurdLib.a(motor.cpp.o)
                0x0000000000003370                motor_quadrature_interrupt()
 .text._ZL14scheduleWigglev
                0x0000000000003390       0x20 .pio/build/dev-master/libbc0/libBurdLib.a(motor.cpp.o)
 .text._Z11motor_sleepv
                0x00000000000033b0        0xc .pio/build/dev-master/libbc0/libBurdLib.a(motor.cpp.o)
                0x00000000000033b0                motor_sleep()
 .text._Z13motor_wake_upv
                0x00000000000033bc        0xc .pio/build/dev-master/libbc0/libBurdLib.a(motor.cpp.o)
                0x00000000000033bc                motor_wake_up()
 .text._Z9motor_offv
                0x00000000000033c8       0x14 .pio/build/dev-master/libbc0/libBurdLib.a(motor.cpp.o)
                0x00000000000033c8                motor_off()
 .text._Z13motor_forwardv
                0x00000000000033dc       0x14 .pio/build/dev-master/libbc0/libBurdLib.a(motor.cpp.o)
                0x00000000000033dc                motor_forward()
 .text._Z13motor_reversev
                0x00000000000033f0       0x14 .pio/build/dev-master/libbc0/libBurdLib.a(motor.cpp.o)
                0x00000000000033f0                motor_reverse()
 .text._Z14newMotorTargeti
                0x0000000000003404       0x20 .pio/build/dev-master/libbc0/libBurdLib.a(motor.cpp.o)
                0x0000000000003404                newMotorTarget(int)
 .text._Z17debugMotorServiceiiil
                0x0000000000003424       0xe4 .pio/build/dev-master/libbc0/libBurdLib.a(motor.cpp.o)
                0x0000000000003424                debugMotorService(int, int, int, long)
 .text._Z11wiggleStatev
                0x0000000000003508       0x90 .pio/build/dev-master/libbc0/libBurdLib.a(motor.cpp.o)
                0x0000000000003508                wiggleState()
 .text._Z12motorServicev
                0x0000000000003598      0x120 .pio/build/dev-master/libbc0/libBurdLib.a(motor.cpp.o)
                0x0000000000003598                motorService()
 .text._Z10motor_initv
                0x00000000000036b8       0x6c .pio/build/dev-master/libbc0/libBurdLib.a(motor.cpp.o)
                0x00000000000036b8                motor_init()
 .text._Z13InternalClockv
                0x0000000000003724       0x1e .pio/build/dev-master/libbc0/libBurdLib.a(my_clock.cpp.o)
                0x0000000000003724                InternalClock()
 *fill*         0x0000000000003742        0x2 
 .text._Z20packet_received_nestPhh
                0x0000000000003744       0x78 .pio/build/dev-master/libbc0/libBurdLib.a(nest_serial.cpp.o)
                0x0000000000003744                packet_received_nest(unsigned char*, unsigned char)
 .text._Z15nestSerial_initv
                0x00000000000037bc        0x2 .pio/build/dev-master/libbc0/libBurdLib.a(nest_serial.cpp.o)
                0x00000000000037bc                nestSerial_init()
 *fill*         0x00000000000037be        0x2 
 .text._Z17nestSerialServicev
                0x00000000000037c0       0x8c .pio/build/dev-master/libbc0/libBurdLib.a(nest_serial.cpp.o)
                0x00000000000037c0                nestSerialService()
 .text._Z9nmv3_initv
                0x000000000000384c       0x80 .pio/build/dev-master/libbc0/libBurdLib.a(nmv3_service.cpp.o)
                0x000000000000384c                nmv3_init()
 .text._Z12modemServicev
                0x00000000000038cc       0xa0 .pio/build/dev-master/libbc0/libBurdLib.a(nmv3_service.cpp.o)
                0x00000000000038cc                modemService()
 .text._ZN15ServiceRegistryD2Ev
                0x000000000000396c       0x12 .pio/build/dev-master/libbc0/libBurdLib.a(services.cpp.o)
                0x000000000000396c                ServiceRegistry::~ServiceRegistry()
                0x000000000000396c                ServiceRegistry::~ServiceRegistry()
 *fill*         0x000000000000397e        0x2 
 .text._ZN15ServiceRegistry8instanceEv
                0x0000000000003980       0x4c .pio/build/dev-master/libbc0/libBurdLib.a(services.cpp.o)
                0x0000000000003980                ServiceRegistry::instance()
 .text._ZNK15ServiceRegistry8servicesEv
                0x00000000000039cc        0x2 .pio/build/dev-master/libbc0/libBurdLib.a(services.cpp.o)
                0x00000000000039cc                ServiceRegistry::services() const
 *fill*         0x00000000000039ce        0x2 
 .text._ZNSt6vectorIP7ServiceSaIS1_EE17_M_realloc_insertIJRKS1_EEEvN9__gnu_cxx17__normal_iteratorIPS1_S3_EEDpOT_
                0x00000000000039d0       0xac .pio/build/dev-master/libbc0/libBurdLib.a(services.cpp.o)
                0x00000000000039d0                void std::vector<Service*, std::allocator<Service*> >::_M_realloc_insert<Service* const&>(__gnu_cxx::__normal_iterator<Service**, std::vector<Service*, std::allocator<Service*> > >, Service* const&)
 .text._ZNSt6vectorIP7ServiceSaIS1_EE9push_backERKS1_
                0x0000000000003a7c       0x1a .pio/build/dev-master/libbc0/libBurdLib.a(services.cpp.o)
                0x0000000000003a7c                std::vector<Service*, std::allocator<Service*> >::push_back(Service* const&)
 *fill*         0x0000000000003a96        0x2 
 .text._Z19registerAllServicesv
                0x0000000000003a98       0x38 .pio/build/dev-master/libbc0/libBurdLib.a(services.cpp.o)
                0x0000000000003a98                registerAllServices()
 .text._Z19printBufferContentsPhh
                0x0000000000003ad0       0x18 .pio/build/dev-master/libbc0/libBurdLib.a(utils.cpp.o)
                0x0000000000003ad0                printBufferContents(unsigned char*, unsigned char)
 .text._ZN17FLOCBufferManager16checkqueueStatusEv
                0x0000000000003ae8       0x50 .pio/build/dev-master/libbc0/libBurdLib.a(buffer.cpp.o)
                0x0000000000003ae8                FLOCBufferManager::checkqueueStatus()
 .text._ZNSt11_Deque_baseI12FlocPacket_tSaIS0_EED2Ev
                0x0000000000003b38       0x26 .pio/build/dev-master/libbc0/libBurdLib.a(buffer.cpp.o)
                0x0000000000003b38                std::_Deque_base<FlocPacket_t, std::allocator<FlocPacket_t> >::~_Deque_base()
                0x0000000000003b38                std::_Deque_base<FlocPacket_t, std::allocator<FlocPacket_t> >::~_Deque_base()
 .text._ZNSt8_Rb_treeIhSt4pairIKhiESt10_Select1stIS2_ESt4lessIhESaIS2_EE8_M_eraseEPSt13_Rb_tree_nodeIS2_E
                0x0000000000003b5e       0x20 .pio/build/dev-master/libbc0/libBurdLib.a(buffer.cpp.o)
                0x0000000000003b5e                std::_Rb_tree<unsigned char, std::pair<unsigned char const, int>, std::_Select1st<std::pair<unsigned char const, int> >, std::less<unsigned char>, std::allocator<std::pair<unsigned char const, int> > >::_M_erase(std::_Rb_tree_node<std::pair<unsigned char const, int> >*)
 .text._ZN17FLOCBufferManagerD2Ev
                0x0000000000003b7e       0x36 .pio/build/dev-master/libbc0/libBurdLib.a(buffer.cpp.o)
                0x0000000000003b7e                FLOCBufferManager::~FLOCBufferManager()
                0x0000000000003b7e                FLOCBufferManager::~FLOCBufferManager()
 .text._ZNSt5dequeI12FlocPacket_tSaIS0_EE9pop_frontEv
                0x0000000000003bb4       0x2e .pio/build/dev-master/libbc0/libBurdLib.a(buffer.cpp.o)
                0x0000000000003bb4                std::deque<FlocPacket_t, std::allocator<FlocPacket_t> >::pop_front()
 .text._ZNSt8_Rb_treeIhSt4pairIKhiESt10_Select1stIS2_ESt4lessIhESaIS2_EE4findERS1_
                0x0000000000003be2       0x2e .pio/build/dev-master/libbc0/libBurdLib.a(buffer.cpp.o)
                0x0000000000003be2                std::_Rb_tree<unsigned char, std::pair<unsigned char const, int>, std::_Select1st<std::pair<unsigned char const, int> >, std::less<unsigned char>, std::allocator<std::pair<unsigned char const, int> > >::find(unsigned char const&)
 .text._ZNSt8_Rb_treeIhSt4pairIKhiESt10_Select1stIS2_ESt4lessIhESaIS2_EE5eraseERS1_
                0x0000000000003c10       0xa6 .pio/build/dev-master/libbc0/libBurdLib.a(buffer.cpp.o)
                0x0000000000003c10                std::_Rb_tree<unsigned char, std::pair<unsigned char const, int>, std::_Select1st<std::pair<unsigned char const, int> >, std::less<unsigned char>, std::allocator<std::pair<unsigned char const, int> > >::erase(unsigned char const&)
 *fill*         0x0000000000003cb6        0x2 
 .text._ZN17FLOCBufferManager10checkackIDEh
                0x0000000000003cb8       0x40 .pio/build/dev-master/libbc0/libBurdLib.a(buffer.cpp.o)
                0x0000000000003cb8                FLOCBufferManager::checkackID(unsigned char)
 .text._ZN17FLOCBufferManager22retransmission_handlerEv
                0x0000000000003cf8       0x5c .pio/build/dev-master/libbc0/libBurdLib.a(buffer.cpp.o)
                0x0000000000003cf8                FLOCBufferManager::retransmission_handler()
 .text._ZN17FLOCBufferManager16response_handlerEv
                0x0000000000003d54       0x5c .pio/build/dev-master/libbc0/libBurdLib.a(buffer.cpp.o)
                0x0000000000003d54                FLOCBufferManager::response_handler()
 .text._ZNSt11_Deque_baseI12FlocPacket_tSaIS0_EEC2Ev
                0x0000000000003db0       0x52 .pio/build/dev-master/libbc0/libBurdLib.a(buffer.cpp.o)
                0x0000000000003db0                std::_Deque_base<FlocPacket_t, std::allocator<FlocPacket_t> >::_Deque_base()
                0x0000000000003db0                std::_Deque_base<FlocPacket_t, std::allocator<FlocPacket_t> >::_Deque_base()
 .text._ZNSt8_Rb_treeIhSt4pairIKhiESt10_Select1stIS2_ESt4lessIhESaIS2_EE24_M_get_insert_unique_posERS1_
                0x0000000000003e02       0x56 .pio/build/dev-master/libbc0/libBurdLib.a(buffer.cpp.o)
                0x0000000000003e02                std::_Rb_tree<unsigned char, std::pair<unsigned char const, int>, std::_Select1st<std::pair<unsigned char const, int> >, std::less<unsigned char>, std::allocator<std::pair<unsigned char const, int> > >::_M_get_insert_unique_pos(unsigned char const&)
 .text._ZNSt3mapIhiSt4lessIhESaISt4pairIKhiEEEixERS3_
                0x0000000000003e58      0x132 .pio/build/dev-master/libbc0/libBurdLib.a(buffer.cpp.o)
                0x0000000000003e58                std::map<unsigned char, int, std::less<unsigned char>, std::allocator<std::pair<unsigned char const, int> > >::operator[](unsigned char const&)
 *fill*         0x0000000000003f8a        0x2 
 .text._ZN17FLOCBufferManager15command_handlerEv
                0x0000000000003f8c       0xcc .pio/build/dev-master/libbc0/libBurdLib.a(buffer.cpp.o)
                0x0000000000003f8c                FLOCBufferManager::command_handler()
 .text._ZN17FLOCBufferManager12queuehandlerEv
                0x0000000000004058       0x64 .pio/build/dev-master/libbc0/libBurdLib.a(buffer.cpp.o)
                0x0000000000004058                FLOCBufferManager::queuehandler()
 .text._Z13bufferServicev
                0x00000000000040bc       0x5c .pio/build/dev-master/libbc0/libBurdLib.a(buffer.cpp.o)
                0x00000000000040bc                bufferService()
 .text.startup._GLOBAL__sub_I_flocBuffer
                0x0000000000004118       0x7c .pio/build/dev-master/libbc0/libBurdLib.a(buffer.cpp.o)
 .text._Z8act_uponv
                0x0000000000004194       0x1c .pio/build/dev-master/libbc0/libBurdLib.a(device_actions.cpp.o)
                0x0000000000004194                act_upon()
 .text._Z15neighborServicev
                0x00000000000041b0        0xc .pio/build/dev-master/libbc0/libBurdLib.a(neighbor.cpp.o)
                0x00000000000041b0                neighborService()
 .text._ZN6Stream9readBytesEPhj
                0x00000000000041bc        0xa .pio/build/dev-master/libFrameworkArduino.a(HardwareSerial.cpp.o)
                0x00000000000041bc                Stream::readBytes(unsigned char*, unsigned int)
 *fill*         0x00000000000041c6        0x2 
 .text._ZN14HardwareSerial9availableEv
                0x00000000000041c8       0x2c .pio/build/dev-master/libFrameworkArduino.a(HardwareSerial.cpp.o)
                0x00000000000041c8                HardwareSerial::available()
 .text._ZN14HardwareSerial4peekEv
                0x00000000000041f4       0x28 .pio/build/dev-master/libFrameworkArduino.a(HardwareSerial.cpp.o)
                0x00000000000041f4                HardwareSerial::peek()
 .text._ZN14HardwareSerial4readEv
                0x000000000000421c       0x40 .pio/build/dev-master/libFrameworkArduino.a(HardwareSerial.cpp.o)
                0x000000000000421c                HardwareSerial::read()
 .text._ZN14HardwareSerialD2Ev
                0x000000000000425c        0x2 .pio/build/dev-master/libFrameworkArduino.a(HardwareSerial.cpp.o)
                0x000000000000425c                HardwareSerial::~HardwareSerial()
                0x000000000000425c                HardwareSerial::~HardwareSerial()
 *fill*         0x000000000000425e        0x2 
 .text._Z14writeRxToBuff0v
                0x0000000000004260       0x44 .pio/build/dev-master/libFrameworkArduino.a(HardwareSerial.cpp.o)
                0x0000000000004260                writeRxToBuff0()
 .text._Z14writeRxToBuff1v
                0x00000000000042a4       0x50 .pio/build/dev-master/libFrameworkArduino.a(HardwareSerial.cpp.o)
                0x00000000000042a4                writeRxToBuff1()
 .text._ZN14HardwareSerial5writeEh
                0x00000000000042f4       0x1c .pio/build/dev-master/libFrameworkArduino.a(HardwareSerial.cpp.o)
                0x00000000000042f4                HardwareSerial::write(unsigned char)
 .text._ZN14HardwareSerial5writeEPKhj
                0x0000000000004310       0x2a .pio/build/dev-master/libFrameworkArduino.a(HardwareSerial.cpp.o)
                0x0000000000004310                HardwareSerial::write(unsigned char const*, unsigned int)
 .text._ZN14HardwareSerialD0Ev
                0x000000000000433a        0xe .pio/build/dev-master/libFrameworkArduino.a(HardwareSerial.cpp.o)
                0x000000000000433a                HardwareSerial::~HardwareSerial()
 .text._ZN14HardwareSerial5flushEv
                0x0000000000004348       0x4c .pio/build/dev-master/libFrameworkArduino.a(HardwareSerial.cpp.o)
                0x0000000000004348                HardwareSerial::flush()
 .text._ZN14HardwareSerialC2Ea
                0x0000000000004394       0x20 .pio/build/dev-master/libFrameworkArduino.a(HardwareSerial.cpp.o)
                0x0000000000004394                HardwareSerial::HardwareSerial(signed char)
                0x0000000000004394                HardwareSerial::HardwareSerial(signed char)
 .text._ZN14HardwareSerial5beginEmmiibm
                0x00000000000043b4      0x170 .pio/build/dev-master/libFrameworkArduino.a(HardwareSerial.cpp.o)
                0x00000000000043b4                HardwareSerial::begin(unsigned long, unsigned long, int, int, bool, unsigned long)
 .text.startup._GLOBAL__sub_I_Serial
                0x0000000000004524       0x40 .pio/build/dev-master/libFrameworkArduino.a(HardwareSerial.cpp.o)
 .text._ZN7TwoWireD2Ev
                0x0000000000004564        0x2 .pio/build/dev-master/libFrameworkArduino.a(Wire.cpp.o)
                0x0000000000004564                TwoWire::~TwoWire()
                0x0000000000004564                TwoWire::~TwoWire()
 .text._ZN7TwoWire5writeEPKhj
                0x0000000000004566       0x24 .pio/build/dev-master/libFrameworkArduino.a(Wire.cpp.o)
                0x0000000000004566                TwoWire::write(unsigned char const*, unsigned int)
 .text._ZN7TwoWire9availableEv
                0x000000000000458a        0xe .pio/build/dev-master/libFrameworkArduino.a(Wire.cpp.o)
                0x000000000000458a                TwoWire::available()
 .text._ZN7TwoWire4readEv
                0x0000000000004598       0x20 .pio/build/dev-master/libFrameworkArduino.a(Wire.cpp.o)
                0x0000000000004598                TwoWire::read()
 .text._ZN7TwoWire4peekEv
                0x00000000000045b8       0x1c .pio/build/dev-master/libFrameworkArduino.a(Wire.cpp.o)
                0x00000000000045b8                TwoWire::peek()
 .text._ZN7TwoWireD0Ev
                0x00000000000045d4       0x10 .pio/build/dev-master/libFrameworkArduino.a(Wire.cpp.o)
                0x00000000000045d4                TwoWire::~TwoWire()
 .text._ZN7TwoWire5writeEh
                0x00000000000045e4       0x40 .pio/build/dev-master/libFrameworkArduino.a(Wire.cpp.o)
                0x00000000000045e4                TwoWire::write(unsigned char)
 .text._ZN7TwoWire5flushEv
                0x0000000000004624       0x78 .pio/build/dev-master/libFrameworkArduino.a(Wire.cpp.o)
                0x0000000000004624                TwoWire::flush()
 .text._ZN7TwoWireC2Ea
                0x000000000000469c       0x40 .pio/build/dev-master/libFrameworkArduino.a(Wire.cpp.o)
                0x000000000000469c                TwoWire::TwoWire(signed char)
                0x000000000000469c                TwoWire::TwoWire(signed char)
 .text._ZN7TwoWire5beginEiim
                0x00000000000046dc       0xb8 .pio/build/dev-master/libFrameworkArduino.a(Wire.cpp.o)
                0x00000000000046dc                TwoWire::begin(int, int, unsigned long)
 .text._ZN7TwoWire17writeTransmissionEtPhtb
                0x0000000000004794       0xc0 .pio/build/dev-master/libFrameworkArduino.a(Wire.cpp.o)
                0x0000000000004794                TwoWire::writeTransmission(unsigned short, unsigned char*, unsigned short, bool)
 .text._ZN7TwoWire15endTransmissionEb
                0x0000000000004854       0x68 .pio/build/dev-master/libFrameworkArduino.a(Wire.cpp.o)
                0x0000000000004854                TwoWire::endTransmission(bool)
 .text._ZN7TwoWire17beginTransmissionEh
                0x00000000000048bc       0x12 .pio/build/dev-master/libFrameworkArduino.a(Wire.cpp.o)
                0x00000000000048bc                TwoWire::beginTransmission(unsigned char)
 .text._ZN7TwoWire15endTransmissionEv
                0x00000000000048ce        0xa .pio/build/dev-master/libFrameworkArduino.a(Wire.cpp.o)
                0x00000000000048ce                TwoWire::endTransmission()
 .text.startup._GLOBAL__sub_I__ZN7TwoWireC2Ea
                0x00000000000048d8       0x40 .pio/build/dev-master/libFrameworkArduino.a(Wire.cpp.o)
 .text.I2C_1_I2CMasterHandleStatus
                0x0000000000004918       0x94 .pio/build/dev-master/libFrameworkArduino.a(I2C_1_I2C_MASTER.c.o)
 .text.I2C_1_I2CMasterWaitOneUnit
                0x00000000000049ac       0x24 .pio/build/dev-master/libFrameworkArduino.a(I2C_1_I2C_MASTER.c.o)
 .text.I2C_1_I2CMasterSendStart
                0x00000000000049d0       0xbc .pio/build/dev-master/libFrameworkArduino.a(I2C_1_I2C_MASTER.c.o)
                0x00000000000049d0                I2C_1_I2CMasterSendStart
 .text.I2C_1_I2CMasterSendStop
                0x0000000000004a8c       0x54 .pio/build/dev-master/libFrameworkArduino.a(I2C_1_I2C_MASTER.c.o)
                0x0000000000004a8c                I2C_1_I2CMasterSendStop
 .text.I2C_1_I2CMasterWriteByte
                0x0000000000004ae0       0x44 .pio/build/dev-master/libFrameworkArduino.a(I2C_1_I2C_MASTER.c.o)
                0x0000000000004ae0                I2C_1_I2CMasterWriteByte
 .text.I2C_1_I2CMasterClearReadBuf
                0x0000000000004b24       0x28 .pio/build/dev-master/libFrameworkArduino.a(I2C_1_I2C_MASTER.c.o)
                0x0000000000004b24                I2C_1_I2CMasterClearReadBuf
 .text.I2C_1_I2CMasterClearWriteBuf
                0x0000000000004b4c       0x28 .pio/build/dev-master/libFrameworkArduino.a(I2C_1_I2C_MASTER.c.o)
                0x0000000000004b4c                I2C_1_I2CMasterClearWriteBuf
 .text.I2C_1_I2CMasterClearStatus
                0x0000000000004b74       0x20 .pio/build/dev-master/libFrameworkArduino.a(I2C_1_I2C_MASTER.c.o)
                0x0000000000004b74                I2C_1_I2CMasterClearStatus
 .text.I2C_1_I2CReStartGeneration
                0x0000000000004b94       0x24 .pio/build/dev-master/libFrameworkArduino.a(I2C_1_I2C_MASTER.c.o)
                0x0000000000004b94                I2C_1_I2CReStartGeneration
 .text.I2C_1_I2CMasterSendRestart
                0x0000000000004bb8       0x60 .pio/build/dev-master/libFrameworkArduino.a(I2C_1_I2C_MASTER.c.o)
                0x0000000000004bb8                I2C_1_I2CMasterSendRestart
 .text.I2C_I2CMasterHandleStatus
                0x0000000000004c18       0x94 .pio/build/dev-master/libFrameworkArduino.a(I2C_I2C_MASTER.c.o)
 .text.I2C_I2CMasterWaitOneUnit
                0x0000000000004cac       0x24 .pio/build/dev-master/libFrameworkArduino.a(I2C_I2C_MASTER.c.o)
 .text.I2C_I2CMasterSendStart
                0x0000000000004cd0       0xbc .pio/build/dev-master/libFrameworkArduino.a(I2C_I2C_MASTER.c.o)
                0x0000000000004cd0                I2C_I2CMasterSendStart
 .text.I2C_I2CMasterSendStop
                0x0000000000004d8c       0x54 .pio/build/dev-master/libFrameworkArduino.a(I2C_I2C_MASTER.c.o)
                0x0000000000004d8c                I2C_I2CMasterSendStop
 .text.I2C_I2CMasterWriteByte
                0x0000000000004de0       0x44 .pio/build/dev-master/libFrameworkArduino.a(I2C_I2C_MASTER.c.o)
                0x0000000000004de0                I2C_I2CMasterWriteByte
 .text.I2C_I2CMasterClearReadBuf
                0x0000000000004e24       0x28 .pio/build/dev-master/libFrameworkArduino.a(I2C_I2C_MASTER.c.o)
                0x0000000000004e24                I2C_I2CMasterClearReadBuf
 .text.I2C_I2CMasterClearWriteBuf
                0x0000000000004e4c       0x28 .pio/build/dev-master/libFrameworkArduino.a(I2C_I2C_MASTER.c.o)
                0x0000000000004e4c                I2C_I2CMasterClearWriteBuf
 .text.I2C_I2CMasterClearStatus
                0x0000000000004e74       0x20 .pio/build/dev-master/libFrameworkArduino.a(I2C_I2C_MASTER.c.o)
                0x0000000000004e74                I2C_I2CMasterClearStatus
 .text.I2C_I2CReStartGeneration
                0x0000000000004e94       0x24 .pio/build/dev-master/libFrameworkArduino.a(I2C_I2C_MASTER.c.o)
                0x0000000000004e94                I2C_I2CReStartGeneration
 .text.I2C_I2CMasterSendRestart
                0x0000000000004eb8       0x60 .pio/build/dev-master/libFrameworkArduino.a(I2C_I2C_MASTER.c.o)
                0x0000000000004eb8                I2C_I2CMasterSendRestart
 .text.PWM1_Stop
                0x0000000000004f18       0x34 .pio/build/dev-master/libFrameworkArduino.a(PWM1.c.o)
                0x0000000000004f18                PWM1_Stop
 .text.PWM2_Stop
                0x0000000000004f4c       0x34 .pio/build/dev-master/libFrameworkArduino.a(PWM2.c.o)
                0x0000000000004f4c                PWM2_Stop
 .text._ZN5Print5writeEPKhj
                0x0000000000004f80       0x22 .pio/build/dev-master/libFrameworkArduino.a(Print.cpp.o)
                0x0000000000004f80                Print::write(unsigned char const*, unsigned int)
 .text._ZL11_out_buffercPvjj
                0x0000000000004fa2        0x8 .pio/build/dev-master/libFrameworkArduino.a(Print.cpp.o)
 .text._ZN5Print5writeEPKc
                0x0000000000004faa       0x1c .pio/build/dev-master/libFrameworkArduino.a(Print.cpp.o)
                0x0000000000004faa                Print::write(char const*)
 *fill*         0x0000000000004fc6        0x2 
 .text._ZN5Print6printfEPKcz
                0x0000000000004fc8       0x6c .pio/build/dev-master/libFrameworkArduino.a(Print.cpp.o)
                0x0000000000004fc8                Print::printf(char const*, ...)
 .text._ZN5Print5printEPKc
                0x0000000000005034        0x8 .pio/build/dev-master/libFrameworkArduino.a(Print.cpp.o)
                0x0000000000005034                Print::print(char const*)
 .text._ZN5Print7printlnEv
                0x000000000000503c       0x10 .pio/build/dev-master/libFrameworkArduino.a(Print.cpp.o)
                0x000000000000503c                Print::println()
 .text._ZN5Print7printlnEPKc
                0x000000000000504c       0x14 .pio/build/dev-master/libFrameworkArduino.a(Print.cpp.o)
                0x000000000000504c                Print::println(char const*)
 .text._ZN6Stream9timedReadEv
                0x0000000000005060       0x2a .pio/build/dev-master/libFrameworkArduino.a(Stream.cpp.o)
                0x0000000000005060                Stream::timedRead()
 .text._ZN6Stream9readBytesEPcj
                0x000000000000508a       0x22 .pio/build/dev-master/libFrameworkArduino.a(Stream.cpp.o)
                0x000000000000508a                Stream::readBytes(char*, unsigned int)
 .text._ZN6Stream10readStringEv
                0x00000000000050ac       0x28 .pio/build/dev-master/libFrameworkArduino.a(Stream.cpp.o)
                0x00000000000050ac                Stream::readString()
 .text._ZN6String10invalidateEv
                0x00000000000050d4       0x18 .pio/build/dev-master/libFrameworkArduino.a(WString.cpp.o)
                0x00000000000050d4                String::invalidate()
 .text._ZN6String12changeBufferEj
                0x00000000000050ec       0x3a .pio/build/dev-master/libFrameworkArduino.a(WString.cpp.o)
                0x00000000000050ec                String::changeBuffer(unsigned int)
 .text._ZN6String7reserveEj
                0x0000000000005126       0x2a .pio/build/dev-master/libFrameworkArduino.a(WString.cpp.o)
                0x0000000000005126                String::reserve(unsigned int)
 .text._ZN6String4copyEPKcj
                0x0000000000005150       0x28 .pio/build/dev-master/libFrameworkArduino.a(WString.cpp.o)
                0x0000000000005150                String::copy(char const*, unsigned int)
 .text._ZN6StringC2EPKc
                0x0000000000005178       0x26 .pio/build/dev-master/libFrameworkArduino.a(WString.cpp.o)
                0x0000000000005178                String::String(char const*)
                0x0000000000005178                String::String(char const*)
 .text._ZN6String6concatEPKcj
                0x000000000000519e       0x32 .pio/build/dev-master/libFrameworkArduino.a(WString.cpp.o)
                0x000000000000519e                String::concat(char const*, unsigned int)
 .text._ZN6String6concatEc
                0x00000000000051d0       0x16 .pio/build/dev-master/libFrameworkArduino.a(WString.cpp.o)
                0x00000000000051d0                String::concat(char)
 *fill*         0x00000000000051e6        0x2 
 .text.global_irq_SetPriority
                0x00000000000051e8       0x20 .pio/build/dev-master/libFrameworkArduino.a(irq.c.o)
                0x00000000000051e8                global_irq_SetPriority
 .text.global_irq_StartEx
                0x0000000000005208       0x24 .pio/build/dev-master/libFrameworkArduino.a(irq.c.o)
                0x0000000000005208                global_irq_StartEx
 .text.global_irq_Disable
                0x000000000000522c        0xc .pio/build/dev-master/libFrameworkArduino.a(irq.c.o)
                0x000000000000522c                global_irq_Disable
 .text.lowPowerHandler
                0x0000000000005238       0x54 .pio/build/dev-master/libFrameworkArduino.a(low_power.c.o)
                0x0000000000005238                lowPowerHandler
 .text.TimerLowPowerHandler
                0x000000000000528c       0x20 .pio/build/dev-master/libFrameworkArduino.a(low_power.c.o)
                0x000000000000528c                TimerLowPowerHandler
 .text.RTC_Update_ASR
                0x00000000000052ac       0x2c .pio/build/dev-master/libFrameworkArduino.a(timeServer.c.o)
 .text.RtcGetTimerValue
                0x00000000000052d8       0x50 .pio/build/dev-master/libFrameworkArduino.a(timeServer.c.o)
                0x00000000000052d8                RtcGetTimerValue
 .text.TimerGetCurrentTime
                0x0000000000005328       0x18 .pio/build/dev-master/libFrameworkArduino.a(timeServer.c.o)
                0x0000000000005328                TimerGetCurrentTime
 .text.TimerGetSysTime
                0x0000000000005340       0x2c .pio/build/dev-master/libFrameworkArduino.a(timeServer.c.o)
                0x0000000000005340                TimerGetSysTime
 .text.RtcInit  0x000000000000536c       0x3c .pio/build/dev-master/libFrameworkArduino.a(timeServer.c.o)
                0x000000000000536c                RtcInit
 .text.startup.main
                0x00000000000053a8       0x10 .pio/build/dev-master/libFrameworkArduino.a(main.cpp.o)
                0x00000000000053a8                main
 .text._out_buffer
                0x00000000000053b8        0x8 .pio/build/dev-master/libFrameworkArduino.a(printf.c.o)
 .text._out_null
                0x00000000000053c0        0x2 .pio/build/dev-master/libFrameworkArduino.a(printf.c.o)
 .text._out_rev
                0x00000000000053c2       0x9c .pio/build/dev-master/libFrameworkArduino.a(printf.c.o)
 .text._ntoa_format
                0x000000000000545e       0xf0 .pio/build/dev-master/libFrameworkArduino.a(printf.c.o)
 .text._ntoa_long
                0x000000000000554e       0x94 .pio/build/dev-master/libFrameworkArduino.a(printf.c.o)
 .text._ntoa_long_long
                0x00000000000055e2       0xbe .pio/build/dev-master/libFrameworkArduino.a(printf.c.o)
 .text._ftoa    0x00000000000056a0      0x318 .pio/build/dev-master/libFrameworkArduino.a(printf.c.o)
 .text._etoa    0x00000000000059b8      0x3e0 .pio/build/dev-master/libFrameworkArduino.a(printf.c.o)
 .text._vsnprintf
                0x0000000000005d98      0x564 .pio/build/dev-master/libFrameworkArduino.a(printf.c.o)
                0x0000000000005d98                _vsnprintf
 .text.__wrap_snprintf
                0x00000000000062fc       0x24 .pio/build/dev-master/libFrameworkArduino.a(printf.c.o)
                0x00000000000062fc                __wrap_snprintf
 .text.IntDefaultHandler
                0x0000000000006320       0x10 .pio/build/dev-master/libFrameworkArduino.a(Cm0plusStart.c.o)
                0x0000000000006320                IntDefaultHandler
 .text._exit    0x0000000000006330        0xa .pio/build/dev-master/libFrameworkArduino.a(Cm0plusStart.c.o)
                0x0000000000006330                _exit
 *fill*         0x000000000000633a        0x2 
 .text._sbrk    0x000000000000633c       0x30 .pio/build/dev-master/libFrameworkArduino.a(Cm0plusStart.c.o)
                0x000000000000633c                _sbrk
 .text.Start_c  0x000000000000636c       0x48 .pio/build/dev-master/libFrameworkArduino.a(Cm0plusStart.c.o)
                0x000000000000636c                Start_c
 .text.startup.initialize_psoc
                0x00000000000063b4       0x48 .pio/build/dev-master/libFrameworkArduino.a(Cm0plusStart.c.o)
                0x00000000000063b4                initialize_psoc
 *fill*         0x00000000000063fc        0x4 
 .text          0x0000000000006400       0x20 .pio/build/dev-master/libFrameworkArduino.a(CyBootAsmGnu.S.o)
                0x0000000000006400                CyDelayCycles
                0x0000000000006412                CyEnterCriticalSection
                0x000000000000641a                CyExitCriticalSection
 .text.CySysClkWcoSetHighPowerMode
                0x0000000000006420       0x38 .pio/build/dev-master/libFrameworkArduino.a(CyLFClk.c.o)
 .text.CySysClkWcoStart
                0x0000000000006458       0x18 .pio/build/dev-master/libFrameworkArduino.a(CyLFClk.c.o)
                0x0000000000006458                CySysClkWcoStart
 .text.CySysClkWcoEnabled
                0x0000000000006470        0xc .pio/build/dev-master/libFrameworkArduino.a(CyLFClk.c.o)
                0x0000000000006470                CySysClkWcoEnabled
 .text.CySysWdtDisable
                0x000000000000647c       0x10 .pio/build/dev-master/libFrameworkArduino.a(CyLFClk.c.o)
                0x000000000000647c                CySysWdtDisable
 .text.CySysClkSetTimerSource
                0x000000000000648c       0x60 .pio/build/dev-master/libFrameworkArduino.a(CyLFClk.c.o)
                0x000000000000648c                CySysClkSetTimerSource
 .text.CySysTimerGetEnabledStatus
                0x00000000000064ec       0x24 .pio/build/dev-master/libFrameworkArduino.a(CyLFClk.c.o)
                0x00000000000064ec                CySysTimerGetEnabledStatus
 .text.CySysTimerSetMode
                0x0000000000006510       0x40 .pio/build/dev-master/libFrameworkArduino.a(CyLFClk.c.o)
                0x0000000000006510                CySysTimerSetMode
 .text.CySysTimerSetClearOnMatch
                0x0000000000006550       0x34 .pio/build/dev-master/libFrameworkArduino.a(CyLFClk.c.o)
                0x0000000000006550                CySysTimerSetClearOnMatch
 .text.CySysTimerEnable
                0x0000000000006584       0x38 .pio/build/dev-master/libFrameworkArduino.a(CyLFClk.c.o)
                0x0000000000006584                CySysTimerEnable
 .text.CySysTimerDisable
                0x00000000000065bc       0x38 .pio/build/dev-master/libFrameworkArduino.a(CyLFClk.c.o)
                0x00000000000065bc                CySysTimerDisable
 .text.CySysTimerSetCascade
                0x00000000000065f4       0x34 .pio/build/dev-master/libFrameworkArduino.a(CyLFClk.c.o)
                0x00000000000065f4                CySysTimerSetCascade
 .text.CySysTimerSetMatch
                0x0000000000006628       0x50 .pio/build/dev-master/libFrameworkArduino.a(CyLFClk.c.o)
                0x0000000000006628                CySysTimerSetMatch
 .text.CySysTimerSetToggleBit
                0x0000000000006678       0x2c .pio/build/dev-master/libFrameworkArduino.a(CyLFClk.c.o)
                0x0000000000006678                CySysTimerSetToggleBit
 .text.CySysTimerGetCount
                0x00000000000066a4       0x38 .pio/build/dev-master/libFrameworkArduino.a(CyLFClk.c.o)
                0x00000000000066a4                CySysTimerGetCount
 .text.CySysTimerClearInterrupt
                0x00000000000066dc       0x2c .pio/build/dev-master/libFrameworkArduino.a(CyLFClk.c.o)
                0x00000000000066dc                CySysTimerClearInterrupt
 .text.CySysTimerSetInterruptCallback
                0x0000000000006708       0x20 .pio/build/dev-master/libFrameworkArduino.a(CyLFClk.c.o)
                0x0000000000006708                CySysTimerSetInterruptCallback
 .text.CySysTimerEnableIsr
                0x0000000000006728       0x34 .pio/build/dev-master/libFrameworkArduino.a(CyLFClk.c.o)
                0x0000000000006728                CySysTimerEnableIsr
 .text.CySysTimerDisableIsr
                0x000000000000675c       0x28 .pio/build/dev-master/libFrameworkArduino.a(CyLFClk.c.o)
                0x000000000000675c                CySysTimerDisableIsr
 .text.CySysTimerIsr
                0x0000000000006784       0xfc .pio/build/dev-master/libFrameworkArduino.a(CyLFClk.c.o)
                0x0000000000006784                CySysTimerIsr
 .text.CySysTimerResetCounters
                0x0000000000006880       0x1c .pio/build/dev-master/libFrameworkArduino.a(CyLFClk.c.o)
                0x0000000000006880                CySysTimerResetCounters
 .text.CySysClkImoDisableWcoLock
                0x000000000000689c       0x14 .pio/build/dev-master/libFrameworkArduino.a(CyLib.c.o)
                0x000000000000689c                CySysClkImoDisableWcoLock
 .text.CySysClkImoGetWcoLock
                0x00000000000068b0       0x10 .pio/build/dev-master/libFrameworkArduino.a(CyLib.c.o)
                0x00000000000068b0                CySysClkImoGetWcoLock
 .text.CySysClkWriteHfclkDirect
                0x00000000000068c0       0x74 .pio/build/dev-master/libFrameworkArduino.a(CyLib.c.o)
                0x00000000000068c0                CySysClkWriteHfclkDirect
 .text.CyIntSetVector
                0x0000000000006934       0x18 .pio/build/dev-master/libFrameworkArduino.a(CyLib.c.o)
                0x0000000000006934                CyIntSetVector
 .text.CyIntSetPriority
                0x000000000000694c       0x40 .pio/build/dev-master/libFrameworkArduino.a(CyLib.c.o)
                0x000000000000694c                CyIntSetPriority
 .text.CyIntEnable
                0x000000000000698c       0x14 .pio/build/dev-master/libFrameworkArduino.a(CyLib.c.o)
                0x000000000000698c                CyIntEnable
 .text.CyIntDisable
                0x00000000000069a0       0x14 .pio/build/dev-master/libFrameworkArduino.a(CyLib.c.o)
                0x00000000000069a0                CyIntDisable
 .text.CyHalt   0x00000000000069b4        0x4 .pio/build/dev-master/libFrameworkArduino.a(CyLib.c.o)
                0x00000000000069b4                CyHalt
 .text.CyDelay  0x00000000000069b8       0x34 .pio/build/dev-master/libFrameworkArduino.a(CyLib.c.o)
                0x00000000000069b8                CyDelay
 .text.CySysClkImoEnableWcoLock
                0x00000000000069ec       0xbc .pio/build/dev-master/libFrameworkArduino.a(CyLib.c.o)
                0x00000000000069ec                CySysClkImoEnableWcoLock
 .text.CySysClkWriteImoFreq
                0x0000000000006aa8       0xb8 .pio/build/dev-master/libFrameworkArduino.a(CyLib.c.o)
                0x0000000000006aa8                CySysClkWriteImoFreq
 .text.CyDelayUs
                0x0000000000006b60       0x14 .pio/build/dev-master/libFrameworkArduino.a(CyLib.c.o)
                0x0000000000006b60                CyDelayUs
 .text.CySysTickInit
                0x0000000000006b74       0x54 .pio/build/dev-master/libFrameworkArduino.a(CyLib.c.o)
                0x0000000000006b74                CySysTickInit
 .text.CySysTickEnableInterrupt
                0x0000000000006bc8       0x10 .pio/build/dev-master/libFrameworkArduino.a(CyLib.c.o)
                0x0000000000006bc8                CySysTickEnableInterrupt
 .text.CySysTickEnable
                0x0000000000006bd8       0x18 .pio/build/dev-master/libFrameworkArduino.a(CyLib.c.o)
                0x0000000000006bd8                CySysTickEnable
 .text.CySysTickStart
                0x0000000000006bf0       0x1c .pio/build/dev-master/libFrameworkArduino.a(CyLib.c.o)
                0x0000000000006bf0                CySysTickStart
 .text.CySysTickGetCountFlag
                0x0000000000006c0c       0x10 .pio/build/dev-master/libFrameworkArduino.a(CyLib.c.o)
                0x0000000000006c0c                CySysTickGetCountFlag
 .text.CySysTickServiceCallbacks
                0x0000000000006c1c       0x24 .pio/build/dev-master/libFrameworkArduino.a(CyLib.c.o)
 .text.CySysTickSetCallback
                0x0000000000006c40       0x10 .pio/build/dev-master/libFrameworkArduino.a(CyLib.c.o)
                0x0000000000006c40                CySysTickSetCallback
 .text.CyGetUniqueId
                0x0000000000006c50       0x70 .pio/build/dev-master/libFrameworkArduino.a(CyLib.c.o)
                0x0000000000006c50                CyGetUniqueId
 .text.UART_1_SCB_IRQ_Stop
                0x0000000000006cc0       0x1c .pio/build/dev-master/libFrameworkArduino.a(UART_1_SCB_IRQ.c.o)
                0x0000000000006cc0                UART_1_SCB_IRQ_Stop
 .text.UART_1_SCB_IRQ_SetPriority
                0x0000000000006cdc       0x20 .pio/build/dev-master/libFrameworkArduino.a(UART_1_SCB_IRQ.c.o)
                0x0000000000006cdc                UART_1_SCB_IRQ_SetPriority
 .text.UART_1_SCB_IRQ_StartEx
                0x0000000000006cfc       0x28 .pio/build/dev-master/libFrameworkArduino.a(UART_1_SCB_IRQ.c.o)
                0x0000000000006cfc                UART_1_SCB_IRQ_StartEx
 .text.UART_1_SpiUartReadRxData
                0x0000000000006d24        0xc .pio/build/dev-master/libFrameworkArduino.a(UART_1_SPI_UART.c.o)
                0x0000000000006d24                UART_1_SpiUartReadRxData
 .text.UART_1_SpiUartGetRxBufferSize
                0x0000000000006d30       0x10 .pio/build/dev-master/libFrameworkArduino.a(UART_1_SPI_UART.c.o)
                0x0000000000006d30                UART_1_SpiUartGetRxBufferSize
 .text.UART_1_SpiUartClearRxBuffer
                0x0000000000006d40       0x20 .pio/build/dev-master/libFrameworkArduino.a(UART_1_SPI_UART.c.o)
                0x0000000000006d40                UART_1_SpiUartClearRxBuffer
 .text.UART_1_SpiUartWriteTxData
                0x0000000000006d60       0x1c .pio/build/dev-master/libFrameworkArduino.a(UART_1_SPI_UART.c.o)
                0x0000000000006d60                UART_1_SpiUartWriteTxData
 .text.UART_1_SpiUartGetTxBufferSize
                0x0000000000006d7c       0x10 .pio/build/dev-master/libFrameworkArduino.a(UART_1_SPI_UART.c.o)
                0x0000000000006d7c                UART_1_SpiUartGetTxBufferSize
 .text.UART_1_UART_WAKEUP_ISR
                0x0000000000006d8c        0x8 .pio/build/dev-master/libFrameworkArduino.a(UART_1_UART.c.o)
                0x0000000000006d8c                UART_1_UART_WAKEUP_ISR
 .text.UART_1_UartInit
                0x0000000000006d94       0xdc .pio/build/dev-master/libFrameworkArduino.a(UART_1_UART.c.o)
                0x0000000000006d94                UART_1_UartInit
 .text.UART_1_UartPostEnable
                0x0000000000006e70       0x28 .pio/build/dev-master/libFrameworkArduino.a(UART_1_UART.c.o)
                0x0000000000006e70                UART_1_UartPostEnable
 .text.UART_1_UartGetByte
                0x0000000000006e98       0x34 .pio/build/dev-master/libFrameworkArduino.a(UART_1_UART.c.o)
                0x0000000000006e98                UART_1_UartGetByte
 .text.UART_1_rx_wake_ClearInterrupt
                0x0000000000006ecc       0x10 .pio/build/dev-master/libFrameworkArduino.a(UART_1_rx_wake.c.o)
                0x0000000000006ecc                UART_1_rx_wake_ClearInterrupt
 .text.UART_2_SCB_IRQ_Stop
                0x0000000000006edc       0x1c .pio/build/dev-master/libFrameworkArduino.a(UART_2_SCB_IRQ.c.o)
                0x0000000000006edc                UART_2_SCB_IRQ_Stop
 .text.UART_2_SCB_IRQ_SetPriority
                0x0000000000006ef8       0x20 .pio/build/dev-master/libFrameworkArduino.a(UART_2_SCB_IRQ.c.o)
                0x0000000000006ef8                UART_2_SCB_IRQ_SetPriority
 .text.UART_2_SCB_IRQ_StartEx
                0x0000000000006f18       0x28 .pio/build/dev-master/libFrameworkArduino.a(UART_2_SCB_IRQ.c.o)
                0x0000000000006f18                UART_2_SCB_IRQ_StartEx
 .text.UART_2_SpiUartReadRxData
                0x0000000000006f40        0xc .pio/build/dev-master/libFrameworkArduino.a(UART_2_SPI_UART.c.o)
                0x0000000000006f40                UART_2_SpiUartReadRxData
 .text.UART_2_SpiUartGetRxBufferSize
                0x0000000000006f4c       0x10 .pio/build/dev-master/libFrameworkArduino.a(UART_2_SPI_UART.c.o)
                0x0000000000006f4c                UART_2_SpiUartGetRxBufferSize
 .text.UART_2_SpiUartClearRxBuffer
                0x0000000000006f5c       0x20 .pio/build/dev-master/libFrameworkArduino.a(UART_2_SPI_UART.c.o)
                0x0000000000006f5c                UART_2_SpiUartClearRxBuffer
 .text.UART_2_SpiUartWriteTxData
                0x0000000000006f7c       0x1c .pio/build/dev-master/libFrameworkArduino.a(UART_2_SPI_UART.c.o)
                0x0000000000006f7c                UART_2_SpiUartWriteTxData
 .text.UART_2_SpiUartGetTxBufferSize
                0x0000000000006f98       0x10 .pio/build/dev-master/libFrameworkArduino.a(UART_2_SPI_UART.c.o)
                0x0000000000006f98                UART_2_SpiUartGetTxBufferSize
 .text.UART_2_UartInit
                0x0000000000006fa8       0xc0 .pio/build/dev-master/libFrameworkArduino.a(UART_2_UART.c.o)
                0x0000000000006fa8                UART_2_UartInit
 .text.UART_2_UartPostEnable
                0x0000000000007068       0x14 .pio/build/dev-master/libFrameworkArduino.a(UART_2_UART.c.o)
                0x0000000000007068                UART_2_UartPostEnable
 .text.UART_2_UartGetByte
                0x000000000000707c       0x34 .pio/build/dev-master/libFrameworkArduino.a(UART_2_UART.c.o)
                0x000000000000707c                UART_2_UartGetByte
 .text.CySysPmDeepSleep
                0x00000000000070b0       0x60 .pio/build/dev-master/libFrameworkArduino.a(cyPm.c.o)
                0x00000000000070b0                CySysPmDeepSleep
 .text.SX126xIoInit
                0x0000000000007110       0x44 .pio/build/dev-master/libFrameworkArduino.a(asr_board.c.o)
                0x0000000000007110                SX126xIoInit
 .text.SX126xReset
                0x0000000000007154       0x50 .pio/build/dev-master/libFrameworkArduino.a(asr_board.c.o)
                0x0000000000007154                SX126xReset
 .text.SX126xWaitOnBusy
                0x00000000000071a4       0x14 .pio/build/dev-master/libFrameworkArduino.a(asr_board.c.o)
                0x00000000000071a4                SX126xWaitOnBusy
 .text.SX126xWakeup
                0x00000000000071b8       0x38 .pio/build/dev-master/libFrameworkArduino.a(asr_board.c.o)
                0x00000000000071b8                SX126xWakeup
 .text.SX126xWriteCommand
                0x00000000000071f0       0x50 .pio/build/dev-master/libFrameworkArduino.a(asr_board.c.o)
                0x00000000000071f0                SX126xWriteCommand
 .text.SX126xAntSwOn
                0x0000000000007240        0x2 .pio/build/dev-master/libFrameworkArduino.a(asr_board.c.o)
                0x0000000000007240                SX126xAntSwOn
 .text.SX126xAntSwOff
                0x0000000000007242        0x2 .pio/build/dev-master/libFrameworkArduino.a(asr_board.c.o)
                0x0000000000007242                SX126xAntSwOff
 .text.boardInitMcu
                0x0000000000007244       0x4c .pio/build/dev-master/libFrameworkArduino.a(asr_board.c.o)
                0x0000000000007244                boardInitMcu
 .text.GpioInit
                0x0000000000007290       0x12 .pio/build/dev-master/libFrameworkArduino.a(gpio.c.o)
                0x0000000000007290                GpioInit
 .text.GpioWrite
                0x00000000000072a2        0x8 .pio/build/dev-master/libFrameworkArduino.a(gpio.c.o)
                0x00000000000072a2                GpioWrite
 .text.GpioRead
                0x00000000000072aa        0x8 .pio/build/dev-master/libFrameworkArduino.a(gpio.c.o)
                0x00000000000072aa                GpioRead
 *fill*         0x00000000000072b2        0x2 
 .text.SpiInit  0x00000000000072b4       0x14 .pio/build/dev-master/libFrameworkArduino.a(spi-board.c.o)
                0x00000000000072b4                SpiInit
 .text.SpiInOut
                0x00000000000072c8       0x34 .pio/build/dev-master/libFrameworkArduino.a(spi-board.c.o)
                0x00000000000072c8                SpiInOut
 .text.I2C_1_I2CInit
                0x00000000000072fc       0xb8 .pio/build/dev-master/libFrameworkArduino.a(I2C_1_I2C.c.o)
                0x00000000000072fc                I2C_1_I2CInit
 .text.I2C_1_I2CFwBlockReset
                0x00000000000073b4       0x5c .pio/build/dev-master/libFrameworkArduino.a(I2C_1_I2C.c.o)
                0x00000000000073b4                I2C_1_I2CFwBlockReset
 .text.I2C_1_I2C_ISR
                0x0000000000007410      0x30c .pio/build/dev-master/libFrameworkArduino.a(I2C_1_I2C_INT.c.o)
                0x0000000000007410                I2C_1_I2C_ISR
 .text.I2C_I2CInit
                0x000000000000771c       0xb8 .pio/build/dev-master/libFrameworkArduino.a(I2C_I2C.c.o)
                0x000000000000771c                I2C_I2CInit
 .text.I2C_I2CFwBlockReset
                0x00000000000077d4       0x5c .pio/build/dev-master/libFrameworkArduino.a(I2C_I2C.c.o)
                0x00000000000077d4                I2C_I2CFwBlockReset
 .text.I2C_I2C_ISR
                0x0000000000007830      0x2f8 .pio/build/dev-master/libFrameworkArduino.a(I2C_I2C_INT.c.o)
                0x0000000000007830                I2C_I2C_ISR
 .text.SX126xCheckDeviceReady
                0x0000000000007b28       0x24 .pio/build/dev-master/libFrameworkArduino.a(sx126x.c.o)
                0x0000000000007b28                SX126xCheckDeviceReady
 .text.SX126xSetSleep
                0x0000000000007b4c       0x20 .pio/build/dev-master/libFrameworkArduino.a(sx126x.c.o)
                0x0000000000007b4c                SX126xSetSleep
 .text.sx126xSleep
                0x0000000000007b6c       0x10 .pio/build/dev-master/libFrameworkArduino.a(sx126x.c.o)
                0x0000000000007b6c                sx126xSleep
 .text.DelayMs  0x0000000000007b7c        0x8 .pio/build/dev-master/libFrameworkArduino.a(delay.c.o)
                0x0000000000007b7c                DelayMs
 .text.CySysFlashSetWaitCycles
                0x0000000000007b84       0x54 .pio/build/dev-master/libFrameworkArduino.a(CyFlash.c.o)
                0x0000000000007b84                CySysFlashSetWaitCycles
 .text.SPI_1_Enable
                0x0000000000007bd8       0x18 .pio/build/dev-master/libFrameworkArduino.a(SPI_1.c.o)
                0x0000000000007bd8                SPI_1_Enable
 .text.SPI_1_Start
                0x0000000000007bf0       0x1c .pio/build/dev-master/libFrameworkArduino.a(SPI_1.c.o)
                0x0000000000007bf0                SPI_1_Start
 .text.SPI_1_SpiPostEnable
                0x0000000000007c0c       0x14 .pio/build/dev-master/libFrameworkArduino.a(SPI_1_SPI.c.o)
                0x0000000000007c0c                SPI_1_SpiPostEnable
 .text.SPI_1_SpiSetActiveSlaveSelect
                0x0000000000007c20       0x20 .pio/build/dev-master/libFrameworkArduino.a(SPI_1_SPI.c.o)
                0x0000000000007c20                SPI_1_SpiSetActiveSlaveSelect
 .text.SPI_1_SpiInit
                0x0000000000007c40       0x88 .pio/build/dev-master/libFrameworkArduino.a(SPI_1_SPI.c.o)
                0x0000000000007c40                SPI_1_SpiInit
 .text.SPI_1_SpiUartReadRxData
                0x0000000000007cc8        0xc .pio/build/dev-master/libFrameworkArduino.a(SPI_1_SPI_UART.c.o)
                0x0000000000007cc8                SPI_1_SpiUartReadRxData
 .text.SPI_1_SpiUartGetRxBufferSize
                0x0000000000007cd4       0x10 .pio/build/dev-master/libFrameworkArduino.a(SPI_1_SPI_UART.c.o)
                0x0000000000007cd4                SPI_1_SpiUartGetRxBufferSize
 .text.SPI_1_SpiUartWriteTxData
                0x0000000000007ce4       0x1c .pio/build/dev-master/libFrameworkArduino.a(SPI_1_SPI_UART.c.o)
                0x0000000000007ce4                SPI_1_SpiUartWriteTxData
 .text.SPI_1_SpiUartGetTxBufferSize
                0x0000000000007d00       0x10 .pio/build/dev-master/libFrameworkArduino.a(SPI_1_SPI_UART.c.o)
                0x0000000000007d00                SPI_1_SpiUartGetTxBufferSize
 .text.UART_1_SPI_UART_ISR
                0x0000000000007d10       0x14 .pio/build/dev-master/libFrameworkArduino.a(UART_1_SPI_UART_INT.c.o)
                0x0000000000007d10                UART_1_SPI_UART_ISR
 .text.UART_2_SPI_UART_ISR
                0x0000000000007d24       0x14 .pio/build/dev-master/libFrameworkArduino.a(UART_2_SPI_UART_INT.c.o)
                0x0000000000007d24                UART_2_SPI_UART_ISR
 .text.GpioMcuWrite
                0x0000000000007d38       0x14 .pio/build/dev-master/libFrameworkArduino.a(gpio-board.c.o)
                0x0000000000007d38                GpioMcuWrite
 .text.GpioMcuInit
                0x0000000000007d4c       0x1e .pio/build/dev-master/libFrameworkArduino.a(gpio-board.c.o)
                0x0000000000007d4c                GpioMcuInit
 .text.GpioMcuRead
                0x0000000000007d6a       0x14 .pio/build/dev-master/libFrameworkArduino.a(gpio-board.c.o)
                0x0000000000007d6a                GpioMcuRead
 .text.__aeabi_atexit
                0x0000000000007d7e        0xe /home/echonet-capstone/.platformio/packages/toolchain-gccarmnoneeabi/bin/../lib/gcc/arm-none-eabi/9.2.1/../../../../arm-none-eabi/lib/thumb/v6-m/nofp/libstdc++_nano.a(atexit_arm.o)
                0x0000000000007d7e                __aeabi_atexit
 .text._ZdlPv   0x0000000000007d8c        0x8 /home/echonet-capstone/.platformio/packages/toolchain-gccarmnoneeabi/bin/../lib/gcc/arm-none-eabi/9.2.1/../../../../arm-none-eabi/lib/thumb/v6-m/nofp/libstdc++_nano.a(del_op.o)
                0x0000000000007d8c                operator delete(void*)
 .text._ZdlPvj  0x0000000000007d94        0x8 /home/echonet-capstone/.platformio/packages/toolchain-gccarmnoneeabi/bin/../lib/gcc/arm-none-eabi/9.2.1/../../../../arm-none-eabi/lib/thumb/v6-m/nofp/libstdc++_nano.a(del_ops.o)
                0x0000000000007d94                operator delete(void*, unsigned int)
 .text._ZdaPv   0x0000000000007d9c        0x8 /home/echonet-capstone/.platformio/packages/toolchain-gccarmnoneeabi/bin/../lib/gcc/arm-none-eabi/9.2.1/../../../../arm-none-eabi/lib/thumb/v6-m/nofp/libstdc++_nano.a(del_opv.o)
                0x0000000000007d9c                operator delete[](void*)
 .text.__cxa_guard_acquire
                0x0000000000007da4       0x1a /home/echonet-capstone/.platformio/packages/toolchain-gccarmnoneeabi/bin/../lib/gcc/arm-none-eabi/9.2.1/../../../../arm-none-eabi/lib/thumb/v6-m/nofp/libstdc++_nano.a(guard.o)
                0x0000000000007da4                __cxa_guard_acquire
 .text.__cxa_guard_release
                0x0000000000007dbe        0x6 /home/echonet-capstone/.platformio/packages/toolchain-gccarmnoneeabi/bin/../lib/gcc/arm-none-eabi/9.2.1/../../../../arm-none-eabi/lib/thumb/v6-m/nofp/libstdc++_nano.a(guard.o)
                0x0000000000007dbe                __cxa_guard_release
 .text._Znwj    0x0000000000007dc4       0x24 /home/echonet-capstone/.platformio/packages/toolchain-gccarmnoneeabi/bin/../lib/gcc/arm-none-eabi/9.2.1/../../../../arm-none-eabi/lib/thumb/v6-m/nofp/libstdc++_nano.a(new_op.o)
                0x0000000000007dc4                operator new(unsigned int)
 .text._Znaj    0x0000000000007de8        0x8 /home/echonet-capstone/.platformio/packages/toolchain-gccarmnoneeabi/bin/../lib/gcc/arm-none-eabi/9.2.1/../../../../arm-none-eabi/lib/thumb/v6-m/nofp/libstdc++_nano.a(new_opv.o)
                0x0000000000007de8                operator new[](unsigned int)
 .text.__cxa_pure_virtual
                0x0000000000007df0        0x6 /home/echonet-capstone/.platformio/packages/toolchain-gccarmnoneeabi/bin/../lib/gcc/arm-none-eabi/9.2.1/../../../../arm-none-eabi/lib/thumb/v6-m/nofp/libstdc++_nano.a(pure.o)
                0x0000000000007df0                __cxa_pure_virtual
 .text._ZStL25local_Rb_tree_rotate_leftPSt18_Rb_tree_node_baseRS0_
                0x0000000000007df6       0x2e /home/echonet-capstone/.platformio/packages/toolchain-gccarmnoneeabi/bin/../lib/gcc/arm-none-eabi/9.2.1/../../../../arm-none-eabi/lib/thumb/v6-m/nofp/libstdc++_nano.a(tree.o)
 .text._ZStL26local_Rb_tree_rotate_rightPSt18_Rb_tree_node_baseRS0_
                0x0000000000007e24       0x2e /home/echonet-capstone/.platformio/packages/toolchain-gccarmnoneeabi/bin/../lib/gcc/arm-none-eabi/9.2.1/../../../../arm-none-eabi/lib/thumb/v6-m/nofp/libstdc++_nano.a(tree.o)
 .text._ZStL23local_Rb_tree_decrementPSt18_Rb_tree_node_base
                0x0000000000007e52       0x32 /home/echonet-capstone/.platformio/packages/toolchain-gccarmnoneeabi/bin/../lib/gcc/arm-none-eabi/9.2.1/../../../../arm-none-eabi/lib/thumb/v6-m/nofp/libstdc++_nano.a(tree.o)
 .text._ZSt18_Rb_tree_incrementPSt18_Rb_tree_node_base
                0x0000000000007e84       0x28 /home/echonet-capstone/.platformio/packages/toolchain-gccarmnoneeabi/bin/../lib/gcc/arm-none-eabi/9.2.1/../../../../arm-none-eabi/lib/thumb/v6-m/nofp/libstdc++_nano.a(tree.o)
                0x0000000000007e84                std::_Rb_tree_increment(std::_Rb_tree_node_base*)
 .text._ZSt18_Rb_tree_incrementPKSt18_Rb_tree_node_base
                0x0000000000007eac       0x28 /home/echonet-capstone/.platformio/packages/toolchain-gccarmnoneeabi/bin/../lib/gcc/arm-none-eabi/9.2.1/../../../../arm-none-eabi/lib/thumb/v6-m/nofp/libstdc++_nano.a(tree.o)
                0x0000000000007eac                std::_Rb_tree_increment(std::_Rb_tree_node_base const*)
 .text._ZSt18_Rb_tree_decrementPSt18_Rb_tree_node_base
                0x0000000000007ed4        0x8 /home/echonet-capstone/.platformio/packages/toolchain-gccarmnoneeabi/bin/../lib/gcc/arm-none-eabi/9.2.1/../../../../arm-none-eabi/lib/thumb/v6-m/nofp/libstdc++_nano.a(tree.o)
                0x0000000000007ed4                std::_Rb_tree_decrement(std::_Rb_tree_node_base*)
 .text._ZSt29_Rb_tree_insert_and_rebalancebPSt18_Rb_tree_node_baseS0_RS_
                0x0000000000007edc       0xc0 /home/echonet-capstone/.platformio/packages/toolchain-gccarmnoneeabi/bin/../lib/gcc/arm-none-eabi/9.2.1/../../../../arm-none-eabi/lib/thumb/v6-m/nofp/libstdc++_nano.a(tree.o)
                0x0000000000007edc                std::_Rb_tree_insert_and_rebalance(bool, std::_Rb_tree_node_base*, std::_Rb_tree_node_base*, std::_Rb_tree_node_base&)
 .text._ZSt28_Rb_tree_rebalance_for_erasePSt18_Rb_tree_node_baseRS_
                0x0000000000007f9c      0x1ca /home/echonet-capstone/.platformio/packages/toolchain-gccarmnoneeabi/bin/../lib/gcc/arm-none-eabi/9.2.1/../../../../arm-none-eabi/lib/thumb/v6-m/nofp/libstdc++_nano.a(tree.o)
                0x0000000000007f9c                std::_Rb_tree_rebalance_for_erase(std::_Rb_tree_node_base*, std::_Rb_tree_node_base&)
 .text.unlikely._ZSt20__throw_length_errorPKc
                0x0000000000008166        0x6 /home/echonet-capstone/.platformio/packages/toolchain-gccarmnoneeabi/bin/../lib/gcc/arm-none-eabi/9.2.1/../../../../arm-none-eabi/lib/thumb/v6-m/nofp/libstdc++_nano.a(functexcept.o)
                0x0000000000008166                std::__throw_length_error(char const*)
 .text._ZN10__cxxabiv111__terminateEPFvvE
                0x000000000000816c        0x8 /home/echonet-capstone/.platformio/packages/toolchain-gccarmnoneeabi/bin/../lib/gcc/arm-none-eabi/9.2.1/../../../../arm-none-eabi/lib/thumb/v6-m/nofp/libstdc++_nano.a(eh_terminate.o)
                0x000000000000816c                __cxxabiv1::__terminate(void (*)())
 .text._ZSt9terminatev
                0x0000000000008174       0x10 /home/echonet-capstone/.platformio/packages/toolchain-gccarmnoneeabi/bin/../lib/gcc/arm-none-eabi/9.2.1/../../../../arm-none-eabi/lib/thumb/v6-m/nofp/libstdc++_nano.a(eh_terminate.o)
                0x0000000000008174                std::terminate()
 .text._ZSt15get_new_handlerv
                0x0000000000008184        0xc /home/echonet-capstone/.platformio/packages/toolchain-gccarmnoneeabi/bin/../lib/gcc/arm-none-eabi/9.2.1/../../../../arm-none-eabi/lib/thumb/v6-m/nofp/libstdc++_nano.a(new_handler.o)
                0x0000000000008184                std::get_new_handler()
 .text.Asr_Timer_RegisterAlarmCallback
                0x0000000000008190       0x10 /home/echonet-capstone/.platformio/packages/framework-arduinocubecell/cores/asr650x/projects/CubeCellLib.a(asr_timer.o)
                0x0000000000008190                Asr_Timer_RegisterAlarmCallback
 .text.Asr_SetTimeout
                0x00000000000081a0       0xc8 /home/echonet-capstone/.platformio/packages/framework-arduinocubecell/cores/asr650x/projects/CubeCellLib.a(asr_timer.o)
                0x00000000000081a0                Asr_SetTimeout
 .text.Asr_Timer_Init
                0x0000000000008268       0x68 /home/echonet-capstone/.platformio/packages/framework-arduinocubecell/cores/asr650x/projects/CubeCellLib.a(asr_timer.o)
                0x0000000000008268                Asr_Timer_Init
 .text.Asr_Timer_Disable
                0x00000000000082d0       0x18 /home/echonet-capstone/.platformio/packages/framework-arduinocubecell/cores/asr650x/projects/CubeCellLib.a(asr_timer.o)
                0x00000000000082d0                Asr_Timer_Disable
 .text.Timer0IsrCallback
                0x00000000000082e8       0x1c /home/echonet-capstone/.platformio/packages/framework-arduinocubecell/cores/asr650x/projects/CubeCellLib.a(asr_timer.o)
                0x00000000000082e8                Timer0IsrCallback
 .text.Timer1IsrCallback
                0x0000000000008304       0x30 /home/echonet-capstone/.platformio/packages/framework-arduinocubecell/cores/asr650x/projects/CubeCellLib.a(asr_timer.o)
                0x0000000000008304                Timer1IsrCallback
 .text.UART_2_Enable
                0x0000000000008334       0x20 /home/echonet-capstone/.platformio/packages/framework-arduinocubecell/cores/asr650x/projects/CubeCellLib.a(UART_2.o)
                0x0000000000008334                UART_2_Enable
 .text.UART_2_Start
                0x0000000000008354       0x64 /home/echonet-capstone/.platformio/packages/framework-arduinocubecell/cores/asr650x/projects/CubeCellLib.a(UART_2.o)
                0x0000000000008354                UART_2_Start
 .text.I2C_1_Enable
                0x00000000000083b8       0x1c /home/echonet-capstone/.platformio/packages/framework-arduinocubecell/cores/asr650x/projects/CubeCellLib.a(I2C_1.o)
                0x00000000000083b8                I2C_1_Enable
 .text.I2C_1_Start
                0x00000000000083d4       0x5c /home/echonet-capstone/.platformio/packages/framework-arduinocubecell/cores/asr650x/projects/CubeCellLib.a(I2C_1.o)
                0x00000000000083d4                I2C_1_Start
 .text.I2C_Enable
                0x0000000000008430       0x1c /home/echonet-capstone/.platformio/packages/framework-arduinocubecell/cores/asr650x/projects/CubeCellLib.a(I2C.o)
                0x0000000000008430                I2C_Enable
 .text.I2C_Start
                0x000000000000844c       0x5c /home/echonet-capstone/.platformio/packages/framework-arduinocubecell/cores/asr650x/projects/CubeCellLib.a(I2C.o)
                0x000000000000844c                I2C_Start
 .text._ZN17CubeCell_NeoPixelD2Ev
                0x00000000000084a8       0x1e .pio/build/dev-master/libfad/libRGB.a(CubeCell_NeoPixel.cpp.o)
                0x00000000000084a8                CubeCell_NeoPixel::~CubeCell_NeoPixel()
                0x00000000000084a8                CubeCell_NeoPixel::~CubeCell_NeoPixel()
 .text._ZN17CubeCell_NeoPixel12updateLengthEt
                0x00000000000084c6       0x3c .pio/build/dev-master/libfad/libRGB.a(CubeCell_NeoPixel.cpp.o)
                0x00000000000084c6                CubeCell_NeoPixel::updateLength(unsigned short)
 .text._ZN17CubeCell_NeoPixel10updateTypeEt
                0x0000000000008502       0x46 .pio/build/dev-master/libfad/libRGB.a(CubeCell_NeoPixel.cpp.o)
                0x0000000000008502                CubeCell_NeoPixel::updateType(unsigned short)
 .text._ZN17CubeCell_NeoPixel6setPinEh
                0x0000000000008548       0x36 .pio/build/dev-master/libfad/libRGB.a(CubeCell_NeoPixel.cpp.o)
                0x0000000000008548                CubeCell_NeoPixel::setPin(unsigned char)
 .text._ZN17CubeCell_NeoPixelC2Etht
                0x000000000000857e       0x2e .pio/build/dev-master/libfad/libRGB.a(CubeCell_NeoPixel.cpp.o)
                0x000000000000857e                CubeCell_NeoPixel::CubeCell_NeoPixel(unsigned short, unsigned char, unsigned short)
                0x000000000000857e                CubeCell_NeoPixel::CubeCell_NeoPixel(unsigned short, unsigned char, unsigned short)
 .text._ZN13ScreenDisplay11sendCommandEh
                0x00000000000085ac        0x2 .pio/build/dev-master/lib202/libDISPLAY.a(HT_Display.cpp.o)
                0x00000000000085ac                ScreenDisplay::sendCommand(unsigned char)
 .text._ZN13ScreenDisplay16sendInitCommandsEv
                0x00000000000085ae        0x2 .pio/build/dev-master/lib202/libDISPLAY.a(HT_Display.cpp.o)
                0x00000000000085ae                ScreenDisplay::sendInitCommands()
 .text._ZN13ScreenDisplay23sendScreenRotateCommandEv
                0x00000000000085b0        0x2 .pio/build/dev-master/lib202/libDISPLAY.a(HT_Display.cpp.o)
                0x00000000000085b0                ScreenDisplay::sendScreenRotateCommand()
 .text._ZN13ScreenDisplay7connectEv
                0x00000000000085b2        0x4 .pio/build/dev-master/lib202/libDISPLAY.a(HT_Display.cpp.o)
                0x00000000000085b2                ScreenDisplay::connect()
 *fill*         0x00000000000085b6        0x2 
 .text._Z22DefaultFontTableLookuph
                0x00000000000085b8       0x38 .pio/build/dev-master/lib202/libDISPLAY.a(HT_Display.cpp.o)
                0x00000000000085b8                DefaultFontTableLookup(unsigned char)
 .text._ZN13ScreenDisplay5writeEh
                0x00000000000085f0       0x80 .pio/build/dev-master/lib202/libDISPLAY.a(HT_Display.cpp.o)
                0x00000000000085f0                ScreenDisplay::write(unsigned char)
 .text._ZN13ScreenDisplayC2Ev
                0x0000000000008670       0x3c .pio/build/dev-master/lib202/libDISPLAY.a(HT_Display.cpp.o)
                0x0000000000008670                ScreenDisplay::ScreenDisplay()
                0x0000000000008670                ScreenDisplay::ScreenDisplay()
 .text._ZN13ScreenDisplay3endEv
                0x00000000000086ac       0x5a .pio/build/dev-master/lib202/libDISPLAY.a(HT_Display.cpp.o)
                0x00000000000086ac                ScreenDisplay::end()
 *fill*         0x0000000000008706        0x2 
 .text._ZN13ScreenDisplayD2Ev
                0x0000000000008708       0x18 .pio/build/dev-master/lib202/libDISPLAY.a(HT_Display.cpp.o)
                0x0000000000008708                ScreenDisplay::~ScreenDisplay()
                0x0000000000008708                ScreenDisplay::~ScreenDisplay()
 .text._ZN13ScreenDisplay8setPixelEss
                0x0000000000008720       0x6a .pio/build/dev-master/lib202/libDISPLAY.a(HT_Display.cpp.o)
                0x0000000000008720                ScreenDisplay::setPixel(short, short)
 .text._ZN13ScreenDisplay7drawXbmEssssPKh
                0x000000000000878a       0x72 .pio/build/dev-master/lib202/libDISPLAY.a(HT_Display.cpp.o)
                0x000000000000878a                ScreenDisplay::drawXbm(short, short, short, short, unsigned char const*)
 .text._ZN13ScreenDisplay7setFontEPKh
                0x00000000000087fc        0x4 .pio/build/dev-master/lib202/libDISPLAY.a(HT_Display.cpp.o)
                0x00000000000087fc                ScreenDisplay::setFont(unsigned char const*)
 .text._ZN13ScreenDisplay5clearEv
                0x0000000000008800        0xe .pio/build/dev-master/lib202/libDISPLAY.a(HT_Display.cpp.o)
                0x0000000000008800                ScreenDisplay::clear()
 .text._ZN13ScreenDisplay12resetDisplayEv
                0x000000000000880e       0x22 .pio/build/dev-master/lib202/libDISPLAY.a(HT_Display.cpp.o)
                0x000000000000880e                ScreenDisplay::resetDisplay()
 .text._ZN13ScreenDisplay4initEv
                0x0000000000008830       0xe2 .pio/build/dev-master/lib202/libDISPLAY.a(HT_Display.cpp.o)
                0x0000000000008830                ScreenDisplay::init()
 .text._ZN13ScreenDisplay11setGeometryE16DISPLAY_GEOMETRYtt
                0x0000000000008912       0x5c .pio/build/dev-master/lib202/libDISPLAY.a(HT_Display.cpp.o)
                0x0000000000008912                ScreenDisplay::setGeometry(DISPLAY_GEOMETRY, unsigned short, unsigned short)
 .text._ZN13ScreenDisplay6setRstEa
                0x000000000000896e        0x4 .pio/build/dev-master/lib202/libDISPLAY.a(HT_Display.cpp.o)
                0x000000000000896e                ScreenDisplay::setRst(signed char)
 .text._ZN13ScreenDisplay6wakeupEv
                0x0000000000008972       0x22 .pio/build/dev-master/lib202/libDISPLAY.a(HT_Display.cpp.o)
                0x0000000000008972                ScreenDisplay::wakeup()
 .text._Z12get_modem_idv
                0x0000000000008994        0xc .pio/build/dev-master/lib814/libNmv3.a(nmv3_api.cpp.o)
                0x0000000000008994                get_modem_id()
 .text._Z12query_statusv
                0x00000000000089a0       0x18 .pio/build/dev-master/lib814/libNmv3.a(nmv3_api.cpp.o)
                0x00000000000089a0                query_status()
 .text._Z11set_addressh
                0x00000000000089b8       0x24 .pio/build/dev-master/lib814/libNmv3.a(nmv3_api.cpp.o)
                0x00000000000089b8                set_address(unsigned char)
 .text._Z9broadcastPch
                0x00000000000089dc       0x8c .pio/build/dev-master/lib814/libNmv3.a(nmv3_api.cpp.o)
                0x00000000000089dc                broadcast(char*, unsigned char)
 .text._Z25parse_status_query_packetP31QueryStatusResponseFullPacket_t
                0x0000000000008a68       0x5c .pio/build/dev-master/lib814/libNmv3.a(nmv3_api.cpp.o)
                0x0000000000008a68                parse_status_query_packet(QueryStatusResponseFullPacket_t*)
 .text._Z24parse_set_address_packetP26SetAddressResponsePacket_t
                0x0000000000008ac4       0x3c .pio/build/dev-master/lib814/libNmv3.a(nmv3_api.cpp.o)
                0x0000000000008ac4                parse_set_address_packet(SetAddressResponsePacket_t*)
 .text._Z22parse_broadcast_packetP32BroadcastMessageResponsePacket_t
                0x0000000000008b00       0x54 .pio/build/dev-master/lib814/libNmv3.a(nmv3_api.cpp.o)
                0x0000000000008b00                parse_broadcast_packet(BroadcastMessageResponsePacket_t*)
 .text._Z20parse_unicast_packetP23UnicastResponsePacket_t
                0x0000000000008b54       0x60 .pio/build/dev-master/lib814/libNmv3.a(nmv3_api.cpp.o)
                0x0000000000008b54                parse_unicast_packet(UnicastResponsePacket_t*)
 .text._Z17parse_ping_packetP25RangeDataResponsePacket_t
                0x0000000000008bb4       0x6c .pio/build/dev-master/lib814/libNmv3.a(nmv3_api.cpp.o)
                0x0000000000008bb4                parse_ping_packet(RangeDataResponsePacket_t*)
 .text._Z21packet_received_modemPhh
                0x0000000000008c20      0x1a8 .pio/build/dev-master/lib814/libNmv3.a(nmv3_api.cpp.o)
                0x0000000000008c20                packet_received_modem(unsigned char*, unsigned char)
 .text._Z10fieldToIntPch
                0x0000000000008dc8       0x3e .pio/build/dev-master/lib814/libNmv3.a(nmv3_utils.cpp.o)
                0x0000000000008dc8                fieldToInt(char*, unsigned char)
 *fill*         0x0000000000008e06        0x2 
 .text._Z14set_network_idt
                0x0000000000008e08        0xc .pio/build/dev-master/libcae/libFloc.a(floc.cpp.o)
                0x0000000000008e08                set_network_id(unsigned short)
 .text._Z13set_device_idt
                0x0000000000008e14        0xc .pio/build/dev-master/libcae/libFloc.a(floc.cpp.o)
                0x0000000000008e14                set_device_id(unsigned short)
 .text._Z7init_dav
                0x0000000000008e20       0x1c .pio/build/dev-master/libcae/libFloc.a(floc.cpp.o)
                0x0000000000008e20                init_da()
 .text._Z13use_packet_idv
                0x0000000000008e3c       0x10 .pio/build/dev-master/libcae/libFloc.a(floc.cpp.o)
                0x0000000000008e3c                use_packet_id()
 .text._Z17floc_status_queryh
                0x0000000000008e4c       0x10 .pio/build/dev-master/libcae/libFloc.a(floc.cpp.o)
                0x0000000000008e4c                floc_status_query(unsigned char)
 .text._Z25floc_acknowledgement_sendhht
                0x0000000000008e5c       0x5c .pio/build/dev-master/libcae/libFloc.a(floc.cpp.o)
                0x0000000000008e5c                floc_acknowledgement_send(unsigned char, unsigned char, unsigned short)
 .text._Z15floc_error_sendhhh
                0x0000000000008eb8       0x5c .pio/build/dev-master/libcae/libFloc.a(floc.cpp.o)
                0x0000000000008eb8                floc_error_send(unsigned char, unsigned char, unsigned char)
 .text._Z22parse_floc_data_packetP12FlocHeader_tP12DataPacket_th
                0x0000000000008f14       0x58 .pio/build/dev-master/libcae/libFloc.a(floc.cpp.o)
                0x0000000000008f14                parse_floc_data_packet(FlocHeader_t*, DataPacket_t*, unsigned char)
 .text._Z25parse_floc_command_packetP12FlocHeader_tP15CommandPacket_th
                0x0000000000008f6c       0x98 .pio/build/dev-master/libcae/libFloc.a(floc.cpp.o)
                0x0000000000008f6c                parse_floc_command_packet(FlocHeader_t*, CommandPacket_t*, unsigned char)
 .text._Z33parse_floc_acknowledgement_packetP12FlocHeader_tP11AckPacket_th
                0x0000000000009004       0x44 .pio/build/dev-master/libcae/libFloc.a(floc.cpp.o)
                0x0000000000009004                parse_floc_acknowledgement_packet(FlocHeader_t*, AckPacket_t*, unsigned char)
 .text._Z26parse_floc_response_packetP12FlocHeader_tP16ResponsePacket_th
                0x0000000000009048       0x60 .pio/build/dev-master/libcae/libFloc.a(floc.cpp.o)
                0x0000000000009048                parse_floc_response_packet(FlocHeader_t*, ResponsePacket_t*, unsigned char)
 .text._Z23floc_broadcast_receivedPhh
                0x00000000000090a8       0xd0 .pio/build/dev-master/libcae/libFloc.a(floc.cpp.o)
                0x00000000000090a8                floc_broadcast_received(unsigned char*, unsigned char)
 .text.startup._GLOBAL__sub_I__ZN11EEPROMClassC2Em
                0x0000000000009178       0x18 .pio/build/dev-master/libfa8/libEEPROM.a(EEPROM.cpp.o)
 .text          0x0000000000009190       0x14 /home/echonet-capstone/.platformio/packages/toolchain-gccarmnoneeabi/bin/../lib/gcc/arm-none-eabi/9.2.1/thumb/v6-m/nofp/libgcc.a(_thumb1_case_sqi.o)
                0x0000000000009190                __gnu_thumb1_case_sqi
 .text          0x00000000000091a4       0x14 /home/echonet-capstone/.platformio/packages/toolchain-gccarmnoneeabi/bin/../lib/gcc/arm-none-eabi/9.2.1/thumb/v6-m/nofp/libgcc.a(_thumb1_case_uqi.o)
                0x00000000000091a4                __gnu_thumb1_case_uqi
 .text          0x00000000000091b8       0x14 /home/echonet-capstone/.platformio/packages/toolchain-gccarmnoneeabi/bin/../lib/gcc/arm-none-eabi/9.2.1/thumb/v6-m/nofp/libgcc.a(_thumb1_case_shi.o)
                0x00000000000091b8                __gnu_thumb1_case_shi
 .text          0x00000000000091cc      0x114 /home/echonet-capstone/.platformio/packages/toolchain-gccarmnoneeabi/bin/../lib/gcc/arm-none-eabi/9.2.1/thumb/v6-m/nofp/libgcc.a(_udivsi3.o)
                0x00000000000091cc                __udivsi3
                0x00000000000091cc                __aeabi_uidiv
                0x00000000000092d8                __aeabi_uidivmod
 .text          0x00000000000092e0      0x1d4 /home/echonet-capstone/.platformio/packages/toolchain-gccarmnoneeabi/bin/../lib/gcc/arm-none-eabi/9.2.1/thumb/v6-m/nofp/libgcc.a(_divsi3.o)
                0x00000000000092e0                __aeabi_idiv
                0x00000000000092e0                __divsi3
                0x00000000000094ac                __aeabi_idivmod
 .text          0x00000000000094b4        0x4 /home/echonet-capstone/.platformio/packages/toolchain-gccarmnoneeabi/bin/../lib/gcc/arm-none-eabi/9.2.1/thumb/v6-m/nofp/libgcc.a(_dvmd_tls.o)
                0x00000000000094b4                __aeabi_ldiv0
                0x00000000000094b4                __aeabi_idiv0
 .text          0x00000000000094b8       0x7c /home/echonet-capstone/.platformio/packages/toolchain-gccarmnoneeabi/bin/../lib/gcc/arm-none-eabi/9.2.1/thumb/v6-m/nofp/libgcc.a(_arm_cmpdf2.o)
                0x00000000000094b8                __aeabi_cdrcmple
                0x00000000000094c8                __aeabi_cdcmple
                0x00000000000094c8                __aeabi_cdcmpeq
                0x00000000000094d8                __aeabi_dcmpeq
                0x00000000000094e4                __aeabi_dcmplt
                0x00000000000094f8                __aeabi_dcmple
                0x000000000000950c                __aeabi_dcmpgt
                0x0000000000009520                __aeabi_dcmpge
 .text          0x0000000000009534       0x74 /home/echonet-capstone/.platformio/packages/toolchain-gccarmnoneeabi/bin/../lib/gcc/arm-none-eabi/9.2.1/thumb/v6-m/nofp/libgcc.a(_arm_cmpsf2.o)
                0x0000000000009534                __aeabi_cfrcmple
                0x000000000000953c                __aeabi_cfcmple
                0x000000000000953c                __aeabi_cfcmpeq
                0x000000000000954c                __aeabi_fcmpeq
                0x0000000000009558                __aeabi_fcmplt
                0x000000000000956c                __aeabi_fcmple
                0x0000000000009580                __aeabi_fcmpgt
                0x0000000000009594                __aeabi_fcmpge
 .text          0x00000000000095a8       0x40 /home/echonet-capstone/.platformio/packages/toolchain-gccarmnoneeabi/bin/../lib/gcc/arm-none-eabi/9.2.1/thumb/v6-m/nofp/libgcc.a(_aeabi_uldivmod.o)
                0x00000000000095a8                __aeabi_uldivmod
 .text.__muldi3
                0x00000000000095e8       0x50 /home/echonet-capstone/.platformio/packages/toolchain-gccarmnoneeabi/bin/../lib/gcc/arm-none-eabi/9.2.1/thumb/v6-m/nofp/libgcc.a(_muldi3.o)
                0x00000000000095e8                __aeabi_lmul